# act_real_calvin_subset
start: 2026-06-23T11:13:45+00:00
project_root: /home/zhangzhiwei/homework/shenduxuexi /hw3_spatial_intelligence_project
git_commit: ea38ad6
expected_output: outputs/task2/real_calvin_subset_summary.json
command: env MPLCONFIGDIR=/tmp/hw3_mpl XDG_CACHE_HOME=/tmp/hw3_cache /home/zhangzhiwei/miniconda3/bin/conda run -n base python scripts/train_act_calvin_subset.py --episodes-per-split 4 --steps 40 --log-every 10 --chunk-size 8 --stride 4 --batch-size 16 

## nvidia-smi before
NVIDIA-SMI has failed because it couldn't communicate with the NVIDIA driver. Make sure that the latest NVIDIA driver is installed and running.


## command output
{
  "status": "real_calvin_subset_act_complete",
  "repo_id": "xiaoma26/calvin-lerobot",
  "local_dir": "data/calvin/calvin-lerobot-subset",
  "honesty_note": "Bounded real CALVIN-LeRobot subset using LeRobot ACTPolicy on state/environment_state inputs; not full visual CNN ACT or simulator success-rate rollout.",
  "splits": [
    {
      "split": "splitA",
      "scene": "A",
      "downloaded_episodes": 4,
      "frames": 215,
      "state_dim": 15,
      "action_dim": 7
    },
    {
      "split": "splitB",
      "scene": "B",
      "downloaded_episodes": 4,
      "frames": 236,
      "state_dim": 15,
      "action_dim": 7
    },
    {
      "split": "splitC",
      "scene": "C",
      "downloaded_episodes": 4,
      "frames": 260,
      "state_dim": 15,
      "action_dim": 7
    },
    {
      "split": "splitD",
      "scene": "D",
      "downloaded_episodes": 4,
      "frames": 260,
      "state_dim": 15,
      "action_dim": 7
    }
  ],
  "hyperparameters": {
    "episodes_per_split": 4,
    "chunk_size": 8,
    "stride": 4,
    "steps": 40,
    "batch_size": 16,
    "learning_rate": 0.0001,
    "weight_decay": 0.0001,
    "dim_model": 64,
    "n_heads": 4,
    "dim_feedforward": 256,
    "n_encoder_layers": 2,
    "n_decoder_layers": 1,
    "use_vae": false,
    "loss": "LeRobot ACTPolicy Action L1"
  },
  "final_D": [
    {
      "model": "ACT-A-real-subset",
      "metric_type": "real_calvin_subset_zero_shot_D",
      "mean_action_l1": "0.277853",
      "median_action_l1": "0.239040",
      "success_rate_l1_lt_0.05": "0.000000",
      "success_rate_l1_lt_0.10": "0.044118",
      "status": "real_subset_run",
      "note": "Real xiaoma26/calvin-lerobot parquet subset; offline Action L1, not simulator rollout success."
    },
    {
      "model": "ACT-ABC-real-subset",
      "metric_type": "real_calvin_subset_zero_shot_D",
      "mean_action_l1": "0.254633",
      "median_action_l1": "0.226330",
      "success_rate_l1_lt_0.05": "0.000000",
      "success_rate_l1_lt_0.10": "0.044118",
      "status": "real_subset_run",
      "note": "Real xiaoma26/calvin-lerobot parquet subset; offline Action L1, not simulator rollout success."
    }
  ],
  "weights": [
    "outputs/weights/ACT-A-real-subset_real_calvin_subset.pt",
    "outputs/weights/ACT-ABC-real-subset_real_calvin_subset.pt"
  ],
  "figures": [
    "report/figs/act_real_calvin_action_l1.png",
    "report/figs/act_real_calvin_d_eval.png"
  ]
}

	Command being timed: "env MPLCONFIGDIR=/tmp/hw3_mpl XDG_CACHE_HOME=/tmp/hw3_cache /home/zhangzhiwei/miniconda3/bin/conda run -n base python scripts/train_act_calvin_subset.py --episodes-per-split 4 --steps 40 --log-every 10 --chunk-size 8 --stride 4 --batch-size 16"
	User time (seconds): 125.91
	System time (seconds): 1.71
	Percent of CPU this job got: 1253%
	Elapsed (wall clock) time (h:mm:ss or m:ss): 0:10.18
	Average shared text size (kbytes): 0
	Average unshared data size (kbytes): 0
	Average stack size (kbytes): 0
	Average total size (kbytes): 0
	Maximum resident set size (kbytes): 753432
	Average resident set size (kbytes): 0
	Major (requiring I/O) page faults: 0
	Minor (reclaiming a frame) page faults: 515536
	Voluntary context switches: 3975
	Involuntary context switches: 13255
	Swaps: 0
	File system inputs: 0
	File system outputs: 3488
	Socket messages sent: 0
	Socket messages received: 0
	Signals delivered: 0
	Page size (bytes): 4096
	Exit status: 0

## nvidia-smi after
NVIDIA-SMI has failed because it couldn't communicate with the NVIDIA driver. Make sure that the latest NVIDIA driver is installed and running.


status: 0
end: 2026-06-23T11:13:55+00:00
duration_sec: 10
