# calvin_hf_metadata_probe_known_splits
start: 2026-06-22T10:19:46+00:00
project_root: /home/zhangzhiwei/homework/shenduxuexi /hw3_spatial_intelligence_project
git_commit: ac5cb56
expected_output: outputs/task2/calvin_split_summary.json
command: /home/zhangzhiwei/miniconda3/bin/conda run -n PG python scripts/prepare_calvin_splits.py --fallback-known-splits 

## nvidia-smi before
Mon Jun 22 10:19:46 2026       
+-----------------------------------------------------------------------------------------+
| NVIDIA-SMI 550.54.14              Driver Version: 550.54.14      CUDA Version: 12.4     |
|-----------------------------------------+------------------------+----------------------+
| GPU  Name                 Persistence-M | Bus-Id          Disp.A | Volatile Uncorr. ECC |
| Fan  Temp   Perf          Pwr:Usage/Cap |           Memory-Usage | GPU-Util  Compute M. |
|                                         |                        |               MIG M. |
|=========================================+========================+======================|
|   0  NVIDIA RTX A6000               Off |   00000000:01:00.0 Off |                  Off |
| 35%   63C    P2            160W /  300W |    4908MiB /  49140MiB |      5%      Default |
|                                         |                        |                  N/A |
+-----------------------------------------+------------------------+----------------------+
|   1  NVIDIA RTX A6000               Off |   00000000:25:00.0 Off |                  Off |
| 30%   34C    P8              8W /  300W |       3MiB /  49140MiB |      0%      Default |
|                                         |                        |                  N/A |
+-----------------------------------------+------------------------+----------------------+
|   2  NVIDIA RTX A6000               Off |   00000000:E1:00.0 Off |                  Off |
| 30%   31C    P8             11W /  300W |       3MiB /  49140MiB |      0%      Default |
|                                         |                        |                  N/A |
+-----------------------------------------+------------------------+----------------------+
                                                                                         
+-----------------------------------------------------------------------------------------+
| Processes:                                                                              |
|  GPU   GI   CI        PID   Type   Process name                              GPU Memory |
|        ID   ID                                                               Usage      |
|=========================================================================================|
|    0   N/A  N/A   1088867      C   python                                       4902MiB |
+-----------------------------------------------------------------------------------------+

## command output
{
  "repo_id": "xiaoma26/calvin-lerobot",
  "status": "remote_layout_known_not_downloaded",
  "splits": [
    {
      "split": "train_A",
      "episodes": "NA",
      "frames": "NA",
      "action_dim": "NA",
      "state_dim": "NA",
      "camera_keys": "NA",
      "task_count": "NA",
      "env_distribution": "splitA",
      "status": "remote_layout_only"
    },
    {
      "split": "train_ABC",
      "episodes": "NA",
      "frames": "NA",
      "action_dim": "NA",
      "state_dim": "NA",
      "camera_keys": "NA",
      "task_count": "NA",
      "env_distribution": "splitA+splitB+splitC",
      "status": "remote_layout_only"
    },
    {
      "split": "test_D",
      "episodes": "NA",
      "frames": "NA",
      "action_dim": "NA",
      "state_dim": "NA",
      "camera_keys": "NA",
      "task_count": "NA",
      "env_distribution": "splitD",
      "status": "remote_layout_only"
    }
  ],
  "notes": [
    "HF API probe failed in this environment, but the dataset page was verified to expose splitA/splitB/splitC/splitD directories.",
    "Counts remain NA because no metadata files were downloaded."
  ],
  "blocker": "(MaxRetryError(\"SOCKSHTTPSConnectionPool(host='huggingface.co', port=443): Max retries exceeded with url: /api/datasets/xiaoma26/calvin-lerobot (Caused by SSLError(SSLEOFError(8, '[SSL: UNEXPECTED_EOF_WHILE_READING] EOF occurred in violation of protocol (_ssl.c:1010)')))\"), '(Request ID: 392d00e0-fcf7-491a-a76f-236d47882984)')"
}

	Command being timed: "/home/zhangzhiwei/miniconda3/bin/conda run -n PG python scripts/prepare_calvin_splits.py --fallback-known-splits"
	User time (seconds): 2.49
	System time (seconds): 0.43
	Percent of CPU this job got: 30%
	Elapsed (wall clock) time (h:mm:ss or m:ss): 0:09.53
	Average shared text size (kbytes): 0
	Average unshared data size (kbytes): 0
	Average stack size (kbytes): 0
	Average total size (kbytes): 0
	Maximum resident set size (kbytes): 69676
	Average resident set size (kbytes): 0
	Major (requiring I/O) page faults: 0
	Minor (reclaiming a frame) page faults: 158224
	Voluntary context switches: 1475
	Involuntary context switches: 290
	Swaps: 0
	File system inputs: 0
	File system outputs: 40
	Socket messages sent: 0
	Socket messages received: 0
	Signals delivered: 0
	Page size (bytes): 4096
	Exit status: 0

## nvidia-smi after
Mon Jun 22 10:19:56 2026       
+-----------------------------------------------------------------------------------------+
| NVIDIA-SMI 550.54.14              Driver Version: 550.54.14      CUDA Version: 12.4     |
|-----------------------------------------+------------------------+----------------------+
| GPU  Name                 Persistence-M | Bus-Id          Disp.A | Volatile Uncorr. ECC |
| Fan  Temp   Perf          Pwr:Usage/Cap |           Memory-Usage | GPU-Util  Compute M. |
|                                         |                        |               MIG M. |
|=========================================+========================+======================|
|   0  NVIDIA RTX A6000               Off |   00000000:01:00.0 Off |                  Off |
| 36%   63C    P2            166W /  300W |    4908MiB /  49140MiB |      0%      Default |
|                                         |                        |                  N/A |
+-----------------------------------------+------------------------+----------------------+
|   1  NVIDIA RTX A6000               Off |   00000000:25:00.0 Off |                  Off |
| 30%   34C    P8              8W /  300W |       3MiB /  49140MiB |      0%      Default |
|                                         |                        |                  N/A |
+-----------------------------------------+------------------------+----------------------+
|   2  NVIDIA RTX A6000               Off |   00000000:E1:00.0 Off |                  Off |
| 30%   31C    P8             11W /  300W |       3MiB /  49140MiB |      0%      Default |
|                                         |                        |                  N/A |
+-----------------------------------------+------------------------+----------------------+
                                                                                         
+-----------------------------------------------------------------------------------------+
| Processes:                                                                              |
|  GPU   GI   CI        PID   Type   Process name                              GPU Memory |
|        ID   ID                                                               Usage      |
|=========================================================================================|
|    0   N/A  N/A   1088867      C   python                                       4902MiB |
+-----------------------------------------------------------------------------------------+

status: 0
end: 2026-06-22T10:19:56+00:00
duration_sec: 10
