# install_lerobot_light_deps
start: 2026-06-22T09:50:09+00:00
project_root: /home/zhangzhiwei/homework/shenduxuexi /hw3_spatial_intelligence_project
git_commit: no-git
expected_output: local_pkgs/lerobot
command: bash -lc mkdir\ -p\ local_pkgs/lerobot\ \&\&\ PIP_CACHE_DIR=/tmp/hw3_pip_cache\ /home/zhangzhiwei/miniconda3/bin/conda\ run\ -n\ base\ python\ -m\ pip\ install\ --upgrade\ --target\ local_pkgs/lerobot\ termcolor\ draccus\ safetensors\ gymnasium\ einops\ jsonlines\ opencv-python-headless\ pandas\ pyarrow\ requests\ packaging\ tqdm 

## nvidia-smi before
Mon Jun 22 09:50:09 2026       
+-----------------------------------------------------------------------------------------+
| NVIDIA-SMI 550.54.14              Driver Version: 550.54.14      CUDA Version: 12.4     |
|-----------------------------------------+------------------------+----------------------+
| GPU  Name                 Persistence-M | Bus-Id          Disp.A | Volatile Uncorr. ECC |
| Fan  Temp   Perf          Pwr:Usage/Cap |           Memory-Usage | GPU-Util  Compute M. |
|                                         |                        |               MIG M. |
|=========================================+========================+======================|
|   0  NVIDIA RTX A6000               Off |   00000000:01:00.0 Off |                  Off |
| 37%   66C    P2            113W /  300W |    4908MiB /  49140MiB |      0%      Default |
|                                         |                        |                  N/A |
+-----------------------------------------+------------------------+----------------------+
|   1  NVIDIA RTX A6000               Off |   00000000:25:00.0 Off |                  Off |
| 30%   33C    P8              9W /  300W |       3MiB /  49140MiB |      0%      Default |
|                                         |                        |                  N/A |
+-----------------------------------------+------------------------+----------------------+
|   2  NVIDIA RTX A6000               Off |   00000000:E1:00.0 Off |                  Off |
| 30%   31C    P8             11W /  300W |       3MiB /  49140MiB |      0%      Default |
|                                         |                        |                  N/A |
+-----------------------------------------+------------------------+----------------------+
                                                                                         
+-----------------------------------------------------------------------------------------+
| Processes:                                                                              |
|  GPU   GI   CI        PID   Type   Process name                              GPU Memory |
|        ID   ID                                                               Usage      |
|=========================================================================================|
|    0   N/A  N/A   1088867      C   python                                       4902MiB |
+-----------------------------------------------------------------------------------------+

## command output
DEPRECATION: Loading egg at /home/zhangzhiwei/miniconda3/lib/python3.12/site-packages/faiss-1.12.0-py3.12.egg is deprecated. pip 25.1 will enforce this behaviour change. A possible replacement is to use pip for package installation. Discussion can be found at https://github.com/pypa/pip/issues/12330
ERROR: pip's dependency resolver does not currently take into account all the packages that are installed. This behaviour is the source of the following dependency conflicts.
streamlit 1.52.2 requires pandas<3,>=1.4.0, but you have pandas 3.0.3 which is incompatible.

Collecting termcolor
  Downloading termcolor-3.3.0-py3-none-any.whl.metadata (6.5 kB)
Collecting draccus
  Downloading draccus-0.11.6-py3-none-any.whl.metadata (22 kB)
Collecting safetensors
  Downloading safetensors-0.8.0-cp310-abi3-manylinux_2_17_x86_64.manylinux2014_x86_64.whl.metadata (4.2 kB)
Collecting gymnasium
  Downloading gymnasium-1.3.0-py3-none-any.whl.metadata (10 kB)
Collecting einops
  Downloading einops-0.8.2-py3-none-any.whl.metadata (13 kB)
Collecting jsonlines
  Downloading jsonlines-4.0.0-py3-none-any.whl.metadata (1.6 kB)
Collecting opencv-python-headless
  Downloading opencv_python_headless-4.13.0.92-cp37-abi3-manylinux_2_28_x86_64.whl.metadata (19 kB)
Collecting pandas
  Downloading pandas-3.0.3-cp312-cp312-manylinux_2_24_x86_64.manylinux_2_28_x86_64.whl.metadata (79 kB)
Collecting pyarrow
  Downloading pyarrow-24.0.0-cp312-cp312-manylinux_2_28_x86_64.whl.metadata (3.0 kB)
Collecting requests
  Downloading requests-2.34.2-py3-none-any.whl.metadata (4.8 kB)
Collecting packaging
  Downloading packaging-26.2-py3-none-any.whl.metadata (3.5 kB)
Collecting tqdm
  Downloading tqdm-4.68.3-py3-none-any.whl.metadata (57 kB)
Collecting mergedeep~=1.3 (from draccus)
  Downloading mergedeep-1.3.4-py3-none-any.whl.metadata (4.3 kB)
Collecting pyyaml~=6.0 (from draccus)
  Downloading pyyaml-6.0.3-cp312-cp312-manylinux2014_x86_64.manylinux_2_17_x86_64.manylinux_2_28_x86_64.whl.metadata (2.4 kB)
Collecting toml~=0.10 (from draccus)
  Downloading toml-0.10.2-py2.py3-none-any.whl.metadata (7.1 kB)
Collecting typing-inspect~=0.9.0 (from draccus)
  Downloading typing_inspect-0.9.0-py3-none-any.whl.metadata (1.5 kB)
Collecting numpy>=1.21.0 (from gymnasium)
  Using cached numpy-2.5.0-cp312-cp312-manylinux_2_27_x86_64.manylinux_2_28_x86_64.whl.metadata (6.6 kB)
Collecting cloudpickle>=1.2.0 (from gymnasium)
  Downloading cloudpickle-3.1.2-py3-none-any.whl.metadata (7.1 kB)
Collecting typing-extensions>=4.3.0 (from gymnasium)
  Downloading typing_extensions-4.15.0-py3-none-any.whl.metadata (3.3 kB)
Collecting farama-notifications>=0.0.1 (from gymnasium)
  Downloading farama_notifications-0.0.6-py3-none-any.whl.metadata (729 bytes)
Collecting attrs>=19.2.0 (from jsonlines)
  Downloading attrs-26.1.0-py3-none-any.whl.metadata (8.8 kB)
Collecting python-dateutil>=2.8.2 (from pandas)
  Downloading python_dateutil-2.9.0.post0-py2.py3-none-any.whl.metadata (8.4 kB)
Collecting charset_normalizer<4,>=2 (from requests)
  Downloading charset_normalizer-3.4.7-cp312-cp312-manylinux2014_x86_64.manylinux_2_17_x86_64.manylinux_2_28_x86_64.whl.metadata (40 kB)
Collecting idna<4,>=2.5 (from requests)
  Downloading idna-3.18-py3-none-any.whl.metadata (6.1 kB)
Collecting urllib3<3,>=1.26 (from requests)
  Downloading urllib3-2.7.0-py3-none-any.whl.metadata (6.9 kB)
Collecting certifi>=2023.5.7 (from requests)
  Downloading certifi-2026.6.17-py3-none-any.whl.metadata (2.5 kB)
Collecting six>=1.5 (from python-dateutil>=2.8.2->pandas)
  Downloading six-1.17.0-py2.py3-none-any.whl.metadata (1.7 kB)
Collecting mypy-extensions>=0.3.0 (from typing-inspect~=0.9.0->draccus)
  Downloading mypy_extensions-1.1.0-py3-none-any.whl.metadata (1.1 kB)
Downloading termcolor-3.3.0-py3-none-any.whl (7.7 kB)
Downloading draccus-0.11.6-py3-none-any.whl (85 kB)
Downloading safetensors-0.8.0-cp310-abi3-manylinux_2_17_x86_64.manylinux2014_x86_64.whl (516 kB)
Downloading gymnasium-1.3.0-py3-none-any.whl (953 kB)
   ━━━━━━━━━━━━━━━━━━━━━━━━━━━━━━━━━━━━━━━━ 953.9/953.9 kB 2.9 MB/s eta 0:00:00
Downloading einops-0.8.2-py3-none-any.whl (65 kB)
Downloading jsonlines-4.0.0-py3-none-any.whl (8.7 kB)
Downloading opencv_python_headless-4.13.0.92-cp37-abi3-manylinux_2_28_x86_64.whl (60.4 MB)
   ━━━━━━━━━━━━━━━━━━━━━━━━━━━━━━━━━━━━━━━━ 60.4/60.4 MB 8.9 MB/s eta 0:00:00
Downloading pandas-3.0.3-cp312-cp312-manylinux_2_24_x86_64.manylinux_2_28_x86_64.whl (10.9 MB)
   ━━━━━━━━━━━━━━━━━━━━━━━━━━━━━━━━━━━━━━━━ 10.9/10.9 MB 4.0 MB/s eta 0:00:00
Downloading pyarrow-24.0.0-cp312-cp312-manylinux_2_28_x86_64.whl (48.9 MB)
   ━━━━━━━━━━━━━━━━━━━━━━━━━━━━━━━━━━━━━━━━ 48.9/48.9 MB 7.7 MB/s eta 0:00:00
Downloading requests-2.34.2-py3-none-any.whl (73 kB)
Downloading packaging-26.2-py3-none-any.whl (100 kB)
Downloading tqdm-4.68.3-py3-none-any.whl (78 kB)
Downloading attrs-26.1.0-py3-none-any.whl (67 kB)
Downloading certifi-2026.6.17-py3-none-any.whl (133 kB)
Downloading charset_normalizer-3.4.7-cp312-cp312-manylinux2014_x86_64.manylinux_2_17_x86_64.manylinux_2_28_x86_64.whl (216 kB)
Downloading cloudpickle-3.1.2-py3-none-any.whl (22 kB)
Downloading farama_notifications-0.0.6-py3-none-any.whl (2.9 kB)
Downloading idna-3.18-py3-none-any.whl (65 kB)
Downloading mergedeep-1.3.4-py3-none-any.whl (6.4 kB)
Using cached numpy-2.5.0-cp312-cp312-manylinux_2_27_x86_64.manylinux_2_28_x86_64.whl (16.7 MB)
Downloading python_dateutil-2.9.0.post0-py2.py3-none-any.whl (229 kB)
Downloading pyyaml-6.0.3-cp312-cp312-manylinux2014_x86_64.manylinux_2_17_x86_64.manylinux_2_28_x86_64.whl (807 kB)
   ━━━━━━━━━━━━━━━━━━━━━━━━━━━━━━━━━━━━━━━━ 807.9/807.9 kB 8.6 MB/s eta 0:00:00
Downloading toml-0.10.2-py2.py3-none-any.whl (16 kB)
Downloading typing_extensions-4.15.0-py3-none-any.whl (44 kB)
Downloading typing_inspect-0.9.0-py3-none-any.whl (8.8 kB)
Downloading urllib3-2.7.0-py3-none-any.whl (131 kB)
Downloading mypy_extensions-1.1.0-py3-none-any.whl (5.0 kB)
Downloading six-1.17.0-py2.py3-none-any.whl (11 kB)
Installing collected packages: farama-notifications, urllib3, typing-extensions, tqdm, toml, termcolor, six, safetensors, pyyaml, pyarrow, packaging, numpy, mypy-extensions, mergedeep, idna, einops, cloudpickle, charset_normalizer, certifi, attrs, typing-inspect, requests, python-dateutil, opencv-python-headless, jsonlines, gymnasium, pandas, draccus
Successfully installed attrs-26.1.0 certifi-2026.6.17 charset_normalizer-3.4.7 cloudpickle-3.1.2 draccus-0.11.6 einops-0.8.2 farama-notifications-0.0.6 gymnasium-1.3.0 idna-3.18 jsonlines-4.0.0 mergedeep-1.3.4 mypy-extensions-1.1.0 numpy-2.5.0 opencv-python-headless-4.13.0.92 packaging-26.2 pandas-3.0.3 pyarrow-24.0.0 python-dateutil-2.9.0.post0 pyyaml-6.0.3 requests-2.34.2 safetensors-0.8.0 six-1.17.0 termcolor-3.3.0 toml-0.10.2 tqdm-4.68.3 typing-extensions-4.15.0 typing-inspect-0.9.0 urllib3-2.7.0

	Command being timed: "bash -lc mkdir -p local_pkgs/lerobot && PIP_CACHE_DIR=/tmp/hw3_pip_cache /home/zhangzhiwei/miniconda3/bin/conda run -n base python -m pip install --upgrade --target local_pkgs/lerobot termcolor draccus safetensors gymnasium einops jsonlines opencv-python-headless pandas pyarrow requests packaging tqdm"
	User time (seconds): 12.08
	System time (seconds): 2.47
	Percent of CPU this job got: 27%
	Elapsed (wall clock) time (h:mm:ss or m:ss): 0:52.45
	Average shared text size (kbytes): 0
	Average unshared data size (kbytes): 0
	Average stack size (kbytes): 0
	Average total size (kbytes): 0
	Maximum resident set size (kbytes): 127216
	Average resident set size (kbytes): 0
	Major (requiring I/O) page faults: 0
	Minor (reclaiming a frame) page faults: 262268
	Voluntary context switches: 6981
	Involuntary context switches: 1538
	Swaps: 0
	File system inputs: 32
	File system outputs: 2680040
	Socket messages sent: 0
	Socket messages received: 0
	Signals delivered: 0
	Page size (bytes): 4096
	Exit status: 0

## nvidia-smi after
Mon Jun 22 09:51:02 2026       
+-----------------------------------------------------------------------------------------+
| NVIDIA-SMI 550.54.14              Driver Version: 550.54.14      CUDA Version: 12.4     |
|-----------------------------------------+------------------------+----------------------+
| GPU  Name                 Persistence-M | Bus-Id          Disp.A | Volatile Uncorr. ECC |
| Fan  Temp   Perf          Pwr:Usage/Cap |           Memory-Usage | GPU-Util  Compute M. |
|                                         |                        |               MIG M. |
|=========================================+========================+======================|
|   0  NVIDIA RTX A6000               Off |   00000000:01:00.0 Off |                  Off |
| 37%   64C    P2            161W /  300W |    4908MiB /  49140MiB |      0%      Default |
|                                         |                        |                  N/A |
+-----------------------------------------+------------------------+----------------------+
|   1  NVIDIA RTX A6000               Off |   00000000:25:00.0 Off |                  Off |
| 30%   33C    P8              8W /  300W |       3MiB /  49140MiB |      0%      Default |
|                                         |                        |                  N/A |
+-----------------------------------------+------------------------+----------------------+
|   2  NVIDIA RTX A6000               Off |   00000000:E1:00.0 Off |                  Off |
| 30%   31C    P8             11W /  300W |       3MiB /  49140MiB |      0%      Default |
|                                         |                        |                  N/A |
+-----------------------------------------+------------------------+----------------------+
                                                                                         
+-----------------------------------------------------------------------------------------+
| Processes:                                                                              |
|  GPU   GI   CI        PID   Type   Process name                              GPU Memory |
|        ID   ID                                                               Usage      |
|=========================================================================================|
|    0   N/A  N/A   1088867      C   python                                       4902MiB |
+-----------------------------------------------------------------------------------------+

status: 0
end: 2026-06-22T09:51:02+00:00
duration_sec: 53
