# object_A_video_colmap_analyzer
start: 2026-06-22T10:13:38+00:00
project_root: /home/zhangzhiwei/homework/shenduxuexi /hw3_spatial_intelligence_project
git_commit: ac5cb56
expected_output: outputs/task1/object_A_video_colmap_stats.txt
command: bash -lc colmap\ model_analyzer\ --path\ data/object_A_video/sparse/0\ \|\ tee\ outputs/task1/object_A_video_colmap_stats.txt 

## nvidia-smi before
NVIDIA-SMI has failed because it couldn't communicate with the NVIDIA driver. Make sure that the latest NVIDIA driver is installed and running.


## command output
Cameras: 1
Images: 63
Registered images: 63
Points: 3289
Observations: 16144
Mean track length: 4.908483
Mean observations per image: 256.253968
Mean reprojection error: 0.874459px
	Command being timed: "bash -lc colmap model_analyzer --path data/object_A_video/sparse/0 | tee outputs/task1/object_A_video_colmap_stats.txt"
	User time (seconds): 0.02
	System time (seconds): 0.02
	Percent of CPU this job got: 104%
	Elapsed (wall clock) time (h:mm:ss or m:ss): 0:00.04
	Average shared text size (kbytes): 0
	Average unshared data size (kbytes): 0
	Average stack size (kbytes): 0
	Average total size (kbytes): 0
	Maximum resident set size (kbytes): 31200
	Average resident set size (kbytes): 0
	Major (requiring I/O) page faults: 0
	Minor (reclaiming a frame) page faults: 3159
	Voluntary context switches: 14
	Involuntary context switches: 4
	Swaps: 0
	File system inputs: 0
	File system outputs: 8
	Socket messages sent: 0
	Socket messages received: 0
	Signals delivered: 0
	Page size (bytes): 4096
	Exit status: 0

## nvidia-smi after
NVIDIA-SMI has failed because it couldn't communicate with the NVIDIA driver. Make sure that the latest NVIDIA driver is installed and running.


status: 0
end: 2026-06-22T10:13:39+00:00
duration_sec: 1
