# object_A_colmap_exhaustive_match
start: 2026-06-22T09:28:27+00:00
project_root: /home/zhangzhiwei/homework/shenduxuexi /hw3_spatial_intelligence_project
git_commit: no-git
expected_output: data/object_A/database.db
command: colmap exhaustive_matcher --database_path data/object_A/database.db --SiftMatching.use_gpu 0 

## nvidia-smi before
NVIDIA-SMI has failed because it couldn't communicate with the NVIDIA driver. Make sure that the latest NVIDIA driver is installed and running.


## command output

==============================================================================
Exhaustive feature matching
==============================================================================

Matching block [1/1, 1/1] in 1.948s
Elapsed time: 0.033 [minutes]
	Command being timed: "colmap exhaustive_matcher --database_path data/object_A/database.db --SiftMatching.use_gpu 0"
	User time (seconds): 10.21
	System time (seconds): 0.82
	Percent of CPU this job got: 549%
	Elapsed (wall clock) time (h:mm:ss or m:ss): 0:02.00
	Average shared text size (kbytes): 0
	Average unshared data size (kbytes): 0
	Average stack size (kbytes): 0
	Average total size (kbytes): 0
	Maximum resident set size (kbytes): 463100
	Average resident set size (kbytes): 0
	Major (requiring I/O) page faults: 0
	Minor (reclaiming a frame) page faults: 333968
	Voluntary context switches: 1022
	Involuntary context switches: 1172
	Swaps: 0
	File system inputs: 0
	File system outputs: 200
	Socket messages sent: 0
	Socket messages received: 0
	Signals delivered: 0
	Page size (bytes): 4096
	Exit status: 0

## nvidia-smi after
NVIDIA-SMI has failed because it couldn't communicate with the NVIDIA driver. Make sure that the latest NVIDIA driver is installed and running.


status: 0
end: 2026-06-22T09:28:29+00:00
duration_sec: 2
