# object_C_preprocess_rgba
start: 2026-06-22T09:24:09+00:00
project_root: /home/zhangzhiwei/homework/shenduxuexi /hw3_spatial_intelligence_project
git_commit: no-git
expected_output: outputs/task1/object_C_image3d/cup_rgba.png
command: /home/zhangzhiwei/miniconda3/bin/conda run -n PG python scripts/preprocess_object_c.py 

## nvidia-smi before
NVIDIA-SMI has failed because it couldn't communicate with the NVIDIA driver. Make sure that the latest NVIDIA driver is installed and running.


## command output
{
  "method": "heuristic_dark_component_with_soft_prior",
  "cv2_available": false,
  "bbox": [
    546,
    961,
    831,
    1207
  ],
  "note": "rembg/SAM/cv2 were not required for this fallback path; inspect before_after before using for Zero123.",
  "input": "inputs/object_C/cup.jpg",
  "rgba_output": "third_party/threestudio/load/images/cup_rgba.png",
  "size": 1024,
  "padding": 24
}

	Command being timed: "/home/zhangzhiwei/miniconda3/bin/conda run -n PG python scripts/preprocess_object_c.py"
	User time (seconds): 37.08
	System time (seconds): 0.78
	Percent of CPU this job got: 118%
	Elapsed (wall clock) time (h:mm:ss or m:ss): 0:31.93
	Average shared text size (kbytes): 0
	Average unshared data size (kbytes): 0
	Average stack size (kbytes): 0
	Average total size (kbytes): 0
	Maximum resident set size (kbytes): 438800
	Average resident set size (kbytes): 0
	Major (requiring I/O) page faults: 2
	Minor (reclaiming a frame) page faults: 274722
	Voluntary context switches: 1528
	Involuntary context switches: 3823
	Swaps: 0
	File system inputs: 536
	File system outputs: 5456
	Socket messages sent: 0
	Socket messages received: 0
	Signals delivered: 0
	Page size (bytes): 4096
	Exit status: 0

## nvidia-smi after
NVIDIA-SMI has failed because it couldn't communicate with the NVIDIA driver. Make sure that the latest NVIDIA driver is installed and running.


status: 0
end: 2026-06-22T09:24:41+00:00
duration_sec: 32
