# object_C_preprocess_rgba_v3
start: 2026-06-22T09:27:05+00:00
project_root: /home/zhangzhiwei/homework/shenduxuexi /hw3_spatial_intelligence_project
git_commit: no-git
expected_output: outputs/task1/object_C_image3d/cup_rgba.png
command: /home/zhangzhiwei/miniconda3/bin/conda run -n PG python scripts/preprocess_object_c.py 

## nvidia-smi before
NVIDIA-SMI has failed because it couldn't communicate with the NVIDIA driver. Make sure that the latest NVIDIA driver is installed and running.


## command output
{
  "method": "heuristic_dark_component_with_soft_prior",
  "cv2_available": false,
  "bbox": [
    281,
    45,
    985,
    1486
  ],
  "used_shape_prior_fallback": true,
  "note": "rembg/SAM/cv2 were not required for this fallback path; inspect before_after before using for Zero123.",
  "input": "inputs/object_C/cup.jpg",
  "rgba_output": "third_party/threestudio/load/images/cup_rgba.png",
  "size": 1024,
  "padding": 24
}

	Command being timed: "/home/zhangzhiwei/miniconda3/bin/conda run -n PG python scripts/preprocess_object_c.py"
	User time (seconds): 55.46
	System time (seconds): 0.69
	Percent of CPU this job got: 111%
	Elapsed (wall clock) time (h:mm:ss or m:ss): 0:50.20
	Average shared text size (kbytes): 0
	Average unshared data size (kbytes): 0
	Average stack size (kbytes): 0
	Average total size (kbytes): 0
	Maximum resident set size (kbytes): 454088
	Average resident set size (kbytes): 0
	Major (requiring I/O) page faults: 0
	Minor (reclaiming a frame) page faults: 283491
	Voluntary context switches: 1524
	Involuntary context switches: 5700
	Swaps: 0
	File system inputs: 0
	File system outputs: 5632
	Socket messages sent: 0
	Socket messages received: 0
	Signals delivered: 0
	Page size (bytes): 4096
	Exit status: 0

## nvidia-smi after
NVIDIA-SMI has failed because it couldn't communicate with the NVIDIA driver. Make sure that the latest NVIDIA driver is installed and running.


status: 0
end: 2026-06-22T09:27:56+00:00
duration_sec: 51
