# object_A_all_colmap_feature_extract
start: 2026-06-22T09:30:30+00:00
project_root: /home/zhangzhiwei/homework/shenduxuexi /hw3_spatial_intelligence_project
git_commit: no-git
expected_output: data/object_A_all/database.db
command: colmap feature_extractor --database_path data/object_A_all/database.db --image_path data/object_A_all/input --ImageReader.single_camera 1 --SiftExtraction.use_gpu 0 

## nvidia-smi before
NVIDIA-SMI has failed because it couldn't communicate with the NVIDIA driver. Make sure that the latest NVIDIA driver is installed and running.


## command output

==============================================================================
Feature extraction
==============================================================================

Processed file [1/6]
  Name:            0006.jpg
  Dimensions:      1280 x 1707
  Camera:          #1 - SIMPLE_RADIAL
  Focal Length:    2048.40px
  Features:        501
Processed file [2/6]
  Name:            0004.jpg
  Dimensions:      1280 x 1707
  Camera:          #1 - SIMPLE_RADIAL
  Focal Length:    2048.40px
  Features:        1694
Processed file [3/6]
  Name:            0001.jpg
  Dimensions:      1280 x 1707
  Camera:          #1 - SIMPLE_RADIAL
  Focal Length:    2048.40px
  Features:        2792
Processed file [4/6]
  Name:            0003.jpg
  Dimensions:      1280 x 1707
  Camera:          #1 - SIMPLE_RADIAL
  Focal Length:    2048.40px
  Features:        3470
Processed file [5/6]
  Name:            0005.jpg
  Dimensions:      1280 x 1707
  Camera:          #1 - SIMPLE_RADIAL
  Focal Length:    2048.40px
  Features:        2871
Processed file [6/6]
  Name:            0002.jpg
  Dimensions:      1280 x 1707
  Camera:          #1 - SIMPLE_RADIAL
  Focal Length:    2048.40px
  Features:        4470
Elapsed time: 0.049 [minutes]
	Command being timed: "colmap feature_extractor --database_path data/object_A_all/database.db --image_path data/object_A_all/input --ImageReader.single_camera 1 --SiftExtraction.use_gpu 0"
	User time (seconds): 13.50
	System time (seconds): 1.68
	Percent of CPU this job got: 511%
	Elapsed (wall clock) time (h:mm:ss or m:ss): 0:02.97
	Average shared text size (kbytes): 0
	Average unshared data size (kbytes): 0
	Average stack size (kbytes): 0
	Average total size (kbytes): 0
	Maximum resident set size (kbytes): 3798932
	Average resident set size (kbytes): 0
	Major (requiring I/O) page faults: 0
	Minor (reclaiming a frame) page faults: 977408
	Voluntary context switches: 818
	Involuntary context switches: 1567
	Swaps: 0
	File system inputs: 0
	File system outputs: 10160
	Socket messages sent: 0
	Socket messages received: 0
	Signals delivered: 0
	Page size (bytes): 4096
	Exit status: 0

## nvidia-smi after
NVIDIA-SMI has failed because it couldn't communicate with the NVIDIA driver. Make sure that the latest NVIDIA driver is installed and running.


status: 0
end: 2026-06-22T09:30:33+00:00
duration_sec: 3
