# object_A_prepare_images
start: 2026-06-22T09:23:58+00:00
project_root: /home/zhangzhiwei/homework/shenduxuexi /hw3_spatial_intelligence_project
git_commit: no-git
expected_output: outputs/task1/object_A_frame_stats.json
command: /home/zhangzhiwei/miniconda3/bin/conda run -n PG python scripts/extract_frames.py 

## nvidia-smi before
NVIDIA-SMI has failed because it couldn't communicate with the NVIDIA driver. Make sure that the latest NVIDIA driver is installed and running.


## command output
{"status": "ok", "mode": "images", "candidate_count": 6, "selected_count": 5}

	Command being timed: "/home/zhangzhiwei/miniconda3/bin/conda run -n PG python scripts/extract_frames.py"
	User time (seconds): 8.69
	System time (seconds): 0.54
	Percent of CPU this job got: 205%
	Elapsed (wall clock) time (h:mm:ss or m:ss): 0:04.49
	Average shared text size (kbytes): 0
	Average unshared data size (kbytes): 0
	Average stack size (kbytes): 0
	Average total size (kbytes): 0
	Maximum resident set size (kbytes): 112184
	Average resident set size (kbytes): 0
	Major (requiring I/O) page faults: 86
	Minor (reclaiming a frame) page faults: 180626
	Voluntary context switches: 1909
	Involuntary context switches: 995
	Swaps: 0
	File system inputs: 33104
	File system outputs: 2240
	Socket messages sent: 0
	Socket messages received: 0
	Signals delivered: 0
	Page size (bytes): 4096
	Exit status: 0

## nvidia-smi after
NVIDIA-SMI has failed because it couldn't communicate with the NVIDIA driver. Make sure that the latest NVIDIA driver is installed and running.


status: 0
end: 2026-06-22T09:24:03+00:00
duration_sec: 5
