# object_A_colmap_feature_extract
start: 2026-06-22T09:28:18+00:00
project_root: /home/zhangzhiwei/homework/shenduxuexi /hw3_spatial_intelligence_project
git_commit: no-git
expected_output: data/object_A/database.db
command: colmap feature_extractor --database_path data/object_A/database.db --image_path data/object_A/input --ImageReader.single_camera 1 --SiftExtraction.use_gpu 0 

## nvidia-smi before
NVIDIA-SMI has failed because it couldn't communicate with the NVIDIA driver. Make sure that the latest NVIDIA driver is installed and running.


## command output

==============================================================================
Feature extraction
==============================================================================

Processed file [1/5]
  Name:            0004.jpg
  Dimensions:      1280 x 1707
  Camera:          #1 - SIMPLE_RADIAL
  Focal Length:    2048.40px
  Features:        1694
Processed file [2/5]
  Name:            0005.jpg
  Dimensions:      1280 x 1707
  Camera:          #1 - SIMPLE_RADIAL
  Focal Length:    2048.40px
  Features:        2871
Processed file [3/5]
  Name:            0003.jpg
  Dimensions:      1280 x 1707
  Camera:          #1 - SIMPLE_RADIAL
  Focal Length:    2048.40px
  Features:        3470
Processed file [4/5]
  Name:            0002.jpg
  Dimensions:      1280 x 1707
  Camera:          #1 - SIMPLE_RADIAL
  Focal Length:    2048.40px
  Features:        4470
Processed file [5/5]
  Name:            0001.jpg
  Dimensions:      1280 x 1707
  Camera:          #1 - SIMPLE_RADIAL
  Focal Length:    2048.40px
  Features:        2792
Elapsed time: 0.047 [minutes]
	Command being timed: "colmap feature_extractor --database_path data/object_A/database.db --image_path data/object_A/input --ImageReader.single_camera 1 --SiftExtraction.use_gpu 0"
	User time (seconds): 11.89
	System time (seconds): 1.34
	Percent of CPU this job got: 458%
	Elapsed (wall clock) time (h:mm:ss or m:ss): 0:02.88
	Average shared text size (kbytes): 0
	Average unshared data size (kbytes): 0
	Average stack size (kbytes): 0
	Average total size (kbytes): 0
	Maximum resident set size (kbytes): 3171764
	Average resident set size (kbytes): 0
	Major (requiring I/O) page faults: 0
	Minor (reclaiming a frame) page faults: 820053
	Voluntary context switches: 868
	Involuntary context switches: 1412
	Swaps: 0
	File system inputs: 0
	File system outputs: 9736
	Socket messages sent: 0
	Socket messages received: 0
	Signals delivered: 0
	Page size (bytes): 4096
	Exit status: 0

## nvidia-smi after
NVIDIA-SMI has failed because it couldn't communicate with the NVIDIA driver. Make sure that the latest NVIDIA driver is installed and running.


status: 0
end: 2026-06-22T09:28:21+00:00
duration_sec: 3
