# object_A_video_3dgs_metrics
start: 2026-06-22T10:15:12+00:00
project_root: /home/zhangzhiwei/homework/shenduxuexi /hw3_spatial_intelligence_project
git_commit: ac5cb56
expected_output: outputs/task1/object_A_3dgs/results.json
command: bash -lc cd\ third_party/gaussian-splatting\ \&\&\ CUDA_VISIBLE_DEVICES=1\ PYTHONPATH=\"/home/zhangzhiwei/homework/shenduxuexi\ /hw3_spatial_intelligence_project/local_pkgs/3dgs\"\ /home/zhangzhiwei/miniconda3/bin/conda\ run\ -n\ base\ python\ metrics.py\ -m\ ../../outputs/task1/object_A_3dgs 

## nvidia-smi before
Mon Jun 22 10:15:12 2026       
+-----------------------------------------------------------------------------------------+
| NVIDIA-SMI 550.54.14              Driver Version: 550.54.14      CUDA Version: 12.4     |
|-----------------------------------------+------------------------+----------------------+
| GPU  Name                 Persistence-M | Bus-Id          Disp.A | Volatile Uncorr. ECC |
| Fan  Temp   Perf          Pwr:Usage/Cap |           Memory-Usage | GPU-Util  Compute M. |
|                                         |                        |               MIG M. |
|=========================================+========================+======================|
|   0  NVIDIA RTX A6000               Off |   00000000:01:00.0 Off |                  Off |
| 35%   63C    P2            125W /  300W |    4908MiB /  49140MiB |      0%      Default |
|                                         |                        |                  N/A |
+-----------------------------------------+------------------------+----------------------+
|   1  NVIDIA RTX A6000               Off |   00000000:25:00.0 Off |                  Off |
| 30%   37C    P8              8W /  300W |       3MiB /  49140MiB |      0%      Default |
|                                         |                        |                  N/A |
+-----------------------------------------+------------------------+----------------------+
|   2  NVIDIA RTX A6000               Off |   00000000:E1:00.0 Off |                  Off |
| 30%   31C    P8             11W /  300W |       3MiB /  49140MiB |      0%      Default |
|                                         |                        |                  N/A |
+-----------------------------------------+------------------------+----------------------+
                                                                                         
+-----------------------------------------------------------------------------------------+
| Processes:                                                                              |
|  GPU   GI   CI        PID   Type   Process name                              GPU Memory |
|        ID   ID                                                               Usage      |
|=========================================================================================|
|    0   N/A  N/A   1088867      C   python                                       4902MiB |
+-----------------------------------------------------------------------------------------+

## command output

Metric evaluation progress:   0%|          | 0/8 [00:00<?, ?it/s]Downloading: "https://download.pytorch.org/models/vgg16-397923af.pth" to /home/zhangzhiwei/.cache/torch/hub/checkpoints/vgg16-397923af.pth


  0%|          | 0.00/528M [00:00<?, ?B/s][A

  0%|          | 128k/528M [00:00<25:00, 369kB/s][A

  0%|          | 256k/528M [00:00<16:49, 548kB/s][A

  0%|          | 384k/528M [00:00<12:38, 729kB/s][A

  0%|          | 640k/528M [00:00<08:17, 1.11MB/s][A

  0%|          | 1.00M/528M [00:00<05:12, 1.77MB/s][A

  0%|          | 1.25M/528M [00:00<04:37, 1.99MB/s][A

  0%|          | 1.88M/528M [00:01<02:55, 3.15MB/s][A

  0%|          | 2.50M/528M [00:01<02:15, 4.06MB/s][A

  1%|          | 3.62M/528M [00:01<01:31, 5.98MB/s][A

  1%|          | 4.50M/528M [00:01<01:20, 6.86MB/s][A

  1%|          | 5.25M/528M [00:01<01:29, 6.09MB/s][A

  1%|          | 6.50M/528M [00:01<01:10, 7.76MB/s][A

  2%|▏         | 8.00M/528M [00:01<00:56, 9.73MB/s][A

  2%|▏         | 9.00M/528M [00:01<01:02, 8.71MB/s][A

  2%|▏         | 10.1M/528M [00:02<00:57, 9.39MB/s][A

  2%|▏         | 11.1M/528M [00:02<00:59, 9.04MB/s][A

  2%|▏         | 12.2M/528M [00:02<00:55, 9.67MB/s][A

  3%|▎         | 13.5M/528M [00:02<00:51, 10.5MB/s][A

  3%|▎         | 14.6M/528M [00:02<00:50, 10.7MB/s][A

  3%|▎         | 15.8M/528M [00:02<00:50, 10.6MB/s][A

  3%|▎         | 17.0M/528M [00:02<00:47, 11.2MB/s][A

  4%|▎         | 18.5M/528M [00:02<00:44, 12.0MB/s][A

  4%|▍         | 19.9M/528M [00:02<00:42, 12.5MB/s][A

  4%|▍         | 21.1M/528M [00:03<00:45, 11.8MB/s][A

  4%|▍         | 22.4M/528M [00:03<00:44, 11.9MB/s][A

  4%|▍         | 23.6M/528M [00:03<00:45, 11.7MB/s][A

  5%|▍         | 25.0M/528M [00:03<00:44, 11.8MB/s][A

  5%|▍         | 26.2M/528M [00:03<00:48, 10.9MB/s][A

  5%|▌         | 27.4M/528M [00:04<01:40, 5.20MB/s][A

  5%|▌         | 28.2M/528M [00:04<02:29, 3.50MB/s][A

  5%|▌         | 28.9M/528M [00:04<02:28, 3.52MB/s][A

  6%|▌         | 29.9M/528M [00:04<02:00, 4.34MB/s][A

  6%|▌         | 30.6M/528M [00:05<01:51, 4.67MB/s][A

  6%|▌         | 31.5M/528M [00:05<01:38, 5.30MB/s][A

  6%|▋         | 33.1M/528M [00:05<01:09, 7.47MB/s][A

  7%|▋         | 34.4M/528M [00:05<01:01, 8.38MB/s][A

  7%|▋         | 35.9M/528M [00:05<00:52, 9.88MB/s][A

  7%|▋         | 37.1M/528M [00:05<00:48, 10.6MB/s][A

  7%|▋         | 38.4M/528M [00:05<00:49, 10.3MB/s][A

  8%|▊         | 39.8M/528M [00:05<00:46, 11.1MB/s][A

  8%|▊         | 41.0M/528M [00:05<00:44, 11.5MB/s][A

  8%|▊         | 42.2M/528M [00:06<00:44, 11.4MB/s][A

  8%|▊         | 44.0M/528M [00:06<00:40, 12.6MB/s][A

  9%|▊         | 45.2M/528M [00:06<00:40, 12.3MB/s][A

  9%|▉         | 46.5M/528M [00:06<01:03, 7.89MB/s][A

  9%|▉         | 48.1M/528M [00:06<00:56, 8.88MB/s][A

  9%|▉         | 49.5M/528M [00:06<00:52, 9.57MB/s][A

 10%|▉         | 50.6M/528M [00:06<00:51, 9.73MB/s][A

 10%|▉         | 52.1M/528M [00:07<00:45, 11.0MB/s][A

 10%|█         | 53.5M/528M [00:07<00:45, 11.0MB/s][A

 10%|█         | 55.0M/528M [00:07<00:40, 12.1MB/s][A

 11%|█         | 56.2M/528M [00:07<00:42, 11.5MB/s][A

 11%|█         | 57.5M/528M [00:07<01:11, 6.94MB/s][A

 11%|█         | 59.4M/528M [00:07<00:53, 9.16MB/s][A

 12%|█▏        | 61.2M/528M [00:08<00:45, 10.8MB/s][A

 12%|█▏        | 62.6M/528M [00:08<00:49, 9.77MB/s][A

 12%|█▏        | 64.4M/528M [00:08<00:42, 11.5MB/s][A

 12%|█▏        | 65.8M/528M [00:08<00:47, 10.2MB/s][A

 13%|█▎        | 67.0M/528M [00:08<01:04, 7.55MB/s][A

 13%|█▎        | 69.0M/528M [00:09<00:55, 8.60MB/s][A

 13%|█▎        | 70.0M/528M [00:09<00:58, 8.14MB/s][A

 14%|█▍        | 72.8M/528M [00:09<00:40, 11.8MB/s][A

 14%|█▍        | 74.1M/528M [00:09<00:52, 8.98MB/s][A

 14%|█▍        | 76.0M/528M [00:09<00:59, 7.95MB/s][A

 15%|█▍        | 78.6M/528M [00:09<00:43, 10.9MB/s][A

 15%|█▌        | 80.1M/528M [00:10<00:40, 11.5MB/s][A

 15%|█▌        | 81.6M/528M [00:10<00:42, 11.0MB/s][A

 16%|█▌        | 83.9M/528M [00:10<00:37, 12.5MB/s][A

 16%|█▌        | 85.2M/528M [00:10<00:36, 12.8MB/s][A

 16%|█▋        | 86.6M/528M [00:10<00:39, 11.6MB/s][A

 17%|█▋        | 88.6M/528M [00:10<00:34, 13.2MB/s][A

 17%|█▋        | 90.0M/528M [00:11<01:11, 6.41MB/s][A

 17%|█▋        | 91.1M/528M [00:11<01:05, 6.98MB/s][A

 18%|█▊        | 92.5M/528M [00:11<00:59, 7.70MB/s][A

 18%|█▊        | 93.5M/528M [00:11<00:57, 7.87MB/s][A

 18%|█▊        | 95.1M/528M [00:11<00:47, 9.52MB/s][A

 18%|█▊        | 96.4M/528M [00:11<00:44, 10.2MB/s][A

 18%|█▊        | 97.6M/528M [00:12<00:47, 9.40MB/s][A

 19%|█▊        | 98.8M/528M [00:12<01:13, 6.09MB/s][A

 19%|█▉        | 100M/528M [00:12<00:55, 8.08MB/s] [A

 19%|█▉        | 102M/528M [00:12<00:59, 7.50MB/s][A

 20%|█▉        | 103M/528M [00:12<00:49, 9.04MB/s][A

 20%|█▉        | 106M/528M [00:13<00:42, 10.5MB/s][A

 20%|██        | 107M/528M [00:13<00:45, 9.62MB/s][A

 21%|██        | 109M/528M [00:13<00:35, 12.3MB/s][A

 21%|██        | 110M/528M [00:13<00:40, 10.9MB/s][A

 21%|██        | 112M/528M [00:14<01:49, 3.98MB/s][A

 21%|██▏       | 112M/528M [00:14<01:49, 3.96MB/s][A

 21%|██▏       | 113M/528M [00:14<01:46, 4.09MB/s][A

 22%|██▏       | 115M/528M [00:15<01:26, 5.00MB/s][A

 22%|██▏       | 116M/528M [00:15<01:08, 6.34MB/s][A

 22%|██▏       | 118M/528M [00:15<00:56, 7.67MB/s][A

 22%|██▏       | 119M/528M [00:15<00:49, 8.67MB/s][A

 23%|██▎       | 120M/528M [00:15<00:47, 8.93MB/s][A

 23%|██▎       | 121M/528M [00:15<00:43, 9.84MB/s][A

 23%|██▎       | 122M/528M [00:15<00:42, 9.91MB/s][A

 23%|██▎       | 124M/528M [00:15<00:39, 10.7MB/s][A

 24%|██▎       | 125M/528M [00:15<00:38, 10.9MB/s][A

 24%|██▍       | 126M/528M [00:16<00:37, 11.2MB/s][A

 24%|██▍       | 128M/528M [00:16<00:34, 12.3MB/s][A

 24%|██▍       | 129M/528M [00:16<00:35, 11.7MB/s][A

 25%|██▍       | 130M/528M [00:16<00:35, 11.8MB/s][A

 25%|██▍       | 131M/528M [00:16<00:36, 11.4MB/s][A

 25%|██▌       | 132M/528M [00:16<00:57, 7.26MB/s][A

 26%|██▌       | 136M/528M [00:17<00:38, 10.6MB/s][A

 26%|██▌       | 137M/528M [00:17<00:37, 10.8MB/s][A

 26%|██▌       | 138M/528M [00:17<00:36, 11.3MB/s][A

 26%|██▋       | 140M/528M [00:17<00:37, 10.8MB/s][A

 27%|██▋       | 141M/528M [00:17<00:33, 12.2MB/s][A

 27%|██▋       | 143M/528M [00:17<00:30, 13.0MB/s][A

 27%|██▋       | 144M/528M [00:17<00:33, 12.0MB/s][A

 28%|██▊       | 145M/528M [00:17<00:35, 11.2MB/s][A

 28%|██▊       | 147M/528M [00:17<00:34, 11.7MB/s][A

 28%|██▊       | 148M/528M [00:18<00:31, 12.8MB/s][A

 28%|██▊       | 150M/528M [00:18<00:30, 13.2MB/s][A

 29%|██▊       | 151M/528M [00:18<00:30, 13.1MB/s][A

 29%|██▉       | 152M/528M [00:18<00:34, 11.4MB/s][A

 29%|██▉       | 154M/528M [00:18<00:32, 11.9MB/s][A

 29%|██▉       | 155M/528M [00:19<01:37, 3.99MB/s][A

 30%|██▉       | 156M/528M [00:19<01:37, 4.01MB/s][A

 30%|██▉       | 156M/528M [00:19<01:37, 4.00MB/s][A

 30%|██▉       | 158M/528M [00:19<01:16, 5.07MB/s][A

 30%|███       | 159M/528M [00:20<01:01, 6.27MB/s][A

 30%|███       | 161M/528M [00:20<00:45, 8.45MB/s][A

 31%|███       | 162M/528M [00:20<00:43, 8.88MB/s][A

 31%|███       | 163M/528M [00:20<00:40, 9.36MB/s][A

 31%|███       | 164M/528M [00:20<00:40, 9.47MB/s][A

 31%|███▏      | 166M/528M [00:20<00:33, 11.2MB/s][A

 32%|███▏      | 168M/528M [00:20<00:32, 11.6MB/s][A

 32%|███▏      | 169M/528M [00:20<00:32, 11.6MB/s][A

 32%|███▏      | 171M/528M [00:21<00:33, 11.3MB/s][A

 33%|███▎      | 172M/528M [00:21<00:32, 11.3MB/s][A

 33%|███▎      | 174M/528M [00:21<00:29, 12.8MB/s][A

 33%|███▎      | 175M/528M [00:21<01:08, 5.37MB/s][A

 34%|███▎      | 177M/528M [00:22<00:53, 6.91MB/s][A

 34%|███▍      | 178M/528M [00:22<00:49, 7.40MB/s][A

 34%|███▍      | 180M/528M [00:22<00:40, 9.07MB/s][A

 34%|███▍      | 182M/528M [00:22<00:38, 9.46MB/s][A

 35%|███▍      | 183M/528M [00:22<00:35, 10.2MB/s][A

 35%|███▍      | 184M/528M [00:22<00:33, 10.7MB/s][A

 35%|███▌      | 186M/528M [00:22<00:30, 11.6MB/s][A

 35%|███▌      | 187M/528M [00:22<00:29, 12.2MB/s][A

 36%|███▌      | 189M/528M [00:23<00:30, 11.7MB/s][A

 36%|███▌      | 190M/528M [00:23<00:29, 12.0MB/s][A

 36%|███▌      | 191M/528M [00:23<00:29, 11.8MB/s][A

 36%|███▋      | 192M/528M [00:23<00:32, 10.8MB/s][A

 37%|███▋      | 194M/528M [00:23<00:31, 11.1MB/s][A

 37%|███▋      | 195M/528M [00:23<00:47, 7.41MB/s][A

 37%|███▋      | 197M/528M [00:24<00:40, 8.63MB/s][A

 37%|███▋      | 198M/528M [00:24<00:39, 8.85MB/s][A

 38%|███▊      | 199M/528M [00:24<00:49, 6.92MB/s][A

 38%|███▊      | 202M/528M [00:24<00:31, 10.7MB/s][A

 39%|███▊      | 203M/528M [00:24<00:40, 8.43MB/s][A

 39%|███▉      | 206M/528M [00:24<00:29, 11.4MB/s][A

 39%|███▉      | 208M/528M [00:25<00:33, 10.0MB/s][A

 40%|███▉      | 210M/528M [00:25<00:27, 12.3MB/s][A

 40%|████      | 211M/528M [00:25<00:29, 11.1MB/s][A

 40%|████      | 213M/528M [00:25<00:47, 6.94MB/s][A

 40%|████      | 214M/528M [00:26<01:24, 3.92MB/s][A

 41%|████      | 215M/528M [00:26<01:21, 4.01MB/s][A

 41%|████      | 216M/528M [00:27<01:05, 5.00MB/s][A

 41%|████      | 217M/528M [00:27<00:59, 5.44MB/s][A

 41%|████▏     | 218M/528M [00:27<00:47, 6.83MB/s][A

 42%|████▏     | 220M/528M [00:27<00:43, 7.37MB/s][A

 42%|████▏     | 221M/528M [00:27<00:37, 8.64MB/s][A

 42%|████▏     | 223M/528M [00:27<00:33, 9.67MB/s][A

 43%|████▎     | 224M/528M [00:27<00:29, 10.8MB/s][A

 43%|████▎     | 226M/528M [00:27<00:29, 10.8MB/s][A

 43%|████▎     | 227M/528M [00:28<00:41, 7.56MB/s][A

 43%|████▎     | 229M/528M [00:28<00:39, 8.04MB/s][A

 44%|████▎     | 230M/528M [00:28<00:32, 9.47MB/s][A

 44%|████▍     | 233M/528M [00:28<00:27, 11.2MB/s][A

 44%|████▍     | 234M/528M [00:28<00:24, 12.8MB/s][A

 45%|████▍     | 236M/528M [00:28<00:22, 13.4MB/s][A

 45%|████▍     | 238M/528M [00:29<00:22, 13.6MB/s][A

 45%|████▌     | 239M/528M [00:29<00:24, 12.5MB/s][A

 46%|████▌     | 240M/528M [00:29<00:23, 12.6MB/s][A

 46%|████▌     | 242M/528M [00:29<00:25, 11.9MB/s][A

 46%|████▌     | 243M/528M [00:29<00:24, 12.2MB/s][A

 46%|████▋     | 245M/528M [00:29<00:24, 11.9MB/s][A

 47%|████▋     | 246M/528M [00:30<00:36, 8.04MB/s][A

 47%|████▋     | 248M/528M [00:30<00:28, 10.3MB/s][A

 47%|████▋     | 250M/528M [00:30<00:31, 9.13MB/s][A

 48%|████▊     | 252M/528M [00:30<00:23, 12.4MB/s][A

 48%|████▊     | 254M/528M [00:30<00:26, 10.7MB/s][A

 48%|████▊     | 255M/528M [00:30<00:26, 11.0MB/s][A

 49%|████▊     | 257M/528M [00:31<00:26, 10.5MB/s][A

 49%|████▉     | 258M/528M [00:31<00:37, 7.44MB/s][A

 49%|████▉     | 261M/528M [00:31<00:29, 9.50MB/s][A

 50%|████▉     | 262M/528M [00:31<00:31, 8.98MB/s][A

 50%|█████     | 265M/528M [00:32<00:43, 6.30MB/s][A

 50%|█████     | 266M/528M [00:32<00:44, 6.22MB/s][A

 51%|█████     | 267M/528M [00:32<00:38, 7.12MB/s][A

 51%|█████     | 269M/528M [00:32<00:31, 8.56MB/s][A

 51%|█████     | 270M/528M [00:32<00:28, 9.41MB/s][A

 51%|█████▏    | 271M/528M [00:32<00:26, 10.1MB/s][A

 52%|█████▏    | 273M/528M [00:33<00:24, 10.7MB/s][A

 52%|█████▏    | 274M/528M [00:33<00:24, 10.7MB/s][A

 52%|█████▏    | 276M/528M [00:33<00:21, 12.2MB/s][A

 52%|█████▏    | 277M/528M [00:33<00:21, 12.3MB/s][A

 53%|█████▎    | 278M/528M [00:33<00:21, 12.4MB/s][A

 53%|█████▎    | 280M/528M [00:33<00:23, 11.3MB/s][A

 53%|█████▎    | 281M/528M [00:33<00:22, 11.4MB/s][A

 54%|█████▎    | 282M/528M [00:33<00:21, 11.7MB/s][A

 54%|█████▍    | 284M/528M [00:34<00:18, 13.5MB/s][A

 54%|█████▍    | 286M/528M [00:34<00:19, 13.0MB/s][A

 54%|█████▍    | 287M/528M [00:34<00:18, 13.4MB/s][A

 55%|█████▍    | 289M/528M [00:34<00:20, 12.2MB/s][A

 55%|█████▍    | 290M/528M [00:34<00:20, 12.0MB/s][A

 55%|█████▌    | 291M/528M [00:34<00:20, 11.9MB/s][A

 56%|█████▌    | 293M/528M [00:34<00:18, 13.2MB/s][A

 56%|█████▌    | 294M/528M [00:34<00:21, 11.5MB/s][A

 56%|█████▌    | 296M/528M [00:35<00:19, 12.2MB/s][A

 56%|█████▋    | 297M/528M [00:35<00:19, 12.4MB/s][A

 57%|█████▋    | 298M/528M [00:35<00:20, 11.9MB/s][A

 57%|█████▋    | 300M/528M [00:35<00:21, 11.0MB/s][A

 57%|█████▋    | 302M/528M [00:35<00:19, 11.9MB/s][A

 58%|█████▊    | 304M/528M [00:35<00:18, 12.8MB/s][A

 58%|█████▊    | 305M/528M [00:35<00:16, 13.8MB/s][A

 58%|█████▊    | 307M/528M [00:35<00:18, 12.8MB/s][A

 58%|█████▊    | 308M/528M [00:36<00:28, 8.08MB/s][A

 59%|█████▉    | 311M/528M [00:36<00:21, 10.5MB/s][A

 59%|█████▉    | 312M/528M [00:36<00:33, 6.80MB/s][A

 60%|█████▉    | 315M/528M [00:37<00:25, 8.65MB/s][A

 60%|█████▉    | 316M/528M [00:37<00:27, 8.22MB/s][A

 60%|██████    | 319M/528M [00:37<00:22, 9.84MB/s][A

 61%|██████    | 320M/528M [00:37<00:23, 9.09MB/s][A

 61%|██████    | 323M/528M [00:37<00:20, 10.7MB/s][A

 61%|██████▏   | 324M/528M [00:38<00:21, 9.96MB/s][A

 62%|██████▏   | 326M/528M [00:38<00:16, 12.5MB/s][A

 62%|██████▏   | 328M/528M [00:38<00:18, 11.3MB/s][A

 62%|██████▏   | 329M/528M [00:38<00:18, 11.0MB/s][A

 63%|██████▎   | 331M/528M [00:38<00:16, 12.3MB/s][A

 63%|██████▎   | 332M/528M [00:38<00:16, 12.3MB/s][A

 63%|██████▎   | 334M/528M [00:38<00:23, 8.50MB/s][A

 64%|██████▍   | 337M/528M [00:39<00:18, 11.0MB/s][A

 64%|██████▍   | 338M/528M [00:39<00:20, 9.92MB/s][A

 65%|██████▍   | 341M/528M [00:39<00:19, 9.88MB/s][A

 65%|██████▍   | 343M/528M [00:39<00:16, 11.5MB/s][A

 65%|██████▌   | 344M/528M [00:39<00:16, 11.6MB/s][A

 66%|██████▌   | 346M/528M [00:40<00:18, 10.2MB/s][A

 66%|██████▌   | 348M/528M [00:40<00:16, 11.4MB/s][A

 66%|██████▌   | 350M/528M [00:40<00:17, 11.0MB/s][A

 67%|██████▋   | 352M/528M [00:40<00:13, 13.8MB/s][A

 67%|██████▋   | 354M/528M [00:40<00:16, 10.8MB/s][A

 67%|██████▋   | 356M/528M [00:40<00:15, 11.7MB/s][A

 68%|██████▊   | 357M/528M [00:41<00:15, 11.4MB/s][A

 68%|██████▊   | 359M/528M [00:41<00:14, 12.4MB/s][A

 68%|██████▊   | 360M/528M [00:41<00:15, 11.5MB/s][A

 69%|██████▊   | 362M/528M [00:41<00:14, 11.9MB/s][A

 69%|██████▉   | 364M/528M [00:41<00:12, 14.0MB/s][A

 69%|██████▉   | 365M/528M [00:41<00:13, 12.6MB/s][A

 69%|██████▉   | 367M/528M [00:41<00:13, 12.5MB/s][A

 70%|██████▉   | 368M/528M [00:41<00:12, 12.9MB/s][A

 70%|██████▉   | 369M/528M [00:42<00:19, 8.55MB/s][A

 71%|███████   | 372M/528M [00:42<00:15, 10.8MB/s][A

 71%|███████   | 374M/528M [00:43<00:33, 4.88MB/s][A

 71%|███████   | 374M/528M [00:43<00:40, 3.92MB/s][A

 71%|███████   | 375M/528M [00:43<00:39, 4.08MB/s][A

 71%|███████▏  | 376M/528M [00:43<00:33, 4.81MB/s][A

 71%|███████▏  | 377M/528M [00:44<00:28, 5.61MB/s][A

 72%|███████▏  | 378M/528M [00:44<00:25, 6.21MB/s][A

 72%|███████▏  | 379M/528M [00:44<00:23, 6.70MB/s][A

 72%|███████▏  | 381M/528M [00:44<00:17, 8.97MB/s][A

 72%|███████▏  | 382M/528M [00:44<00:16, 9.04MB/s][A

 73%|███████▎  | 383M/528M [00:44<00:16, 9.45MB/s][A

 73%|███████▎  | 384M/528M [00:44<00:15, 9.93MB/s][A

 73%|███████▎  | 386M/528M [00:44<00:14, 10.6MB/s][A

 73%|███████▎  | 387M/528M [00:45<00:14, 10.4MB/s][A

 74%|███████▎  | 388M/528M [00:45<00:13, 10.7MB/s][A

 74%|███████▍  | 390M/528M [00:45<00:12, 11.6MB/s][A

 74%|███████▍  | 391M/528M [00:45<00:12, 11.3MB/s][A

 74%|███████▍  | 392M/528M [00:45<00:13, 10.9MB/s][A

 74%|███████▍  | 393M/528M [00:45<00:12, 11.0MB/s][A

 75%|███████▍  | 395M/528M [00:45<00:11, 12.1MB/s][A

 75%|███████▌  | 396M/528M [00:45<00:11, 11.9MB/s][A

 75%|███████▌  | 397M/528M [00:46<00:19, 7.03MB/s][A

 76%|███████▌  | 400M/528M [00:46<00:12, 11.1MB/s][A

 76%|███████▌  | 402M/528M [00:46<00:13, 9.62MB/s][A

 76%|███████▋  | 403M/528M [00:46<00:13, 10.0MB/s][A

 77%|███████▋  | 404M/528M [00:46<00:11, 11.1MB/s][A

 77%|███████▋  | 406M/528M [00:46<00:11, 10.9MB/s][A

 77%|███████▋  | 407M/528M [00:46<00:11, 11.0MB/s][A

 77%|███████▋  | 408M/528M [00:47<00:11, 11.3MB/s][A

 78%|███████▊  | 409M/528M [00:47<00:10, 11.3MB/s][A

 78%|███████▊  | 411M/528M [00:47<00:21, 5.61MB/s][A

 78%|███████▊  | 412M/528M [00:47<00:18, 6.50MB/s][A

 78%|███████▊  | 413M/528M [00:47<00:16, 7.40MB/s][A

 78%|███████▊  | 414M/528M [00:48<00:14, 8.35MB/s][A

 79%|███████▊  | 415M/528M [00:48<00:12, 9.28MB/s][A

 79%|███████▉  | 416M/528M [00:48<00:11, 9.77MB/s][A

 79%|███████▉  | 418M/528M [00:48<00:10, 10.7MB/s][A

 79%|███████▉  | 419M/528M [00:48<00:10, 11.0MB/s][A

 80%|███████▉  | 420M/528M [00:48<00:10, 10.7MB/s][A

 80%|███████▉  | 422M/528M [00:48<00:09, 11.5MB/s][A

 80%|████████  | 423M/528M [00:48<00:09, 11.3MB/s][A

 80%|████████  | 424M/528M [00:48<00:09, 12.0MB/s][A

 81%|████████  | 426M/528M [00:49<00:08, 12.2MB/s][A

 81%|████████  | 427M/528M [00:49<00:08, 12.0MB/s][A

 81%|████████  | 428M/528M [00:49<00:09, 11.6MB/s][A

 81%|████████▏ | 430M/528M [00:49<00:08, 12.6MB/s][A

 82%|████████▏ | 431M/528M [00:49<00:08, 12.0MB/s][A

 82%|████████▏ | 432M/528M [00:49<00:07, 12.5MB/s][A

 82%|████████▏ | 434M/528M [00:49<00:07, 12.6MB/s][A

 82%|████████▏ | 435M/528M [00:49<00:07, 12.3MB/s][A

 83%|████████▎ | 436M/528M [00:49<00:07, 12.3MB/s][A

 83%|████████▎ | 437M/528M [00:50<00:07, 11.9MB/s][A

 83%|████████▎ | 439M/528M [00:50<00:07, 12.3MB/s][A

 83%|████████▎ | 440M/528M [00:50<00:07, 12.5MB/s][A

 84%|████████▎ | 442M/528M [00:50<00:07, 11.8MB/s][A

 84%|████████▍ | 443M/528M [00:50<00:07, 12.0MB/s][A

 84%|████████▍ | 444M/528M [00:50<00:07, 12.4MB/s][A

 84%|████████▍ | 445M/528M [00:50<00:07, 11.1MB/s][A

 85%|████████▍ | 446M/528M [00:51<00:11, 7.71MB/s][A

 85%|████████▍ | 448M/528M [00:51<00:08, 10.2MB/s][A

 85%|████████▌ | 450M/528M [00:51<00:08, 10.1MB/s][A

 85%|████████▌ | 451M/528M [00:51<00:07, 11.0MB/s][A

 86%|████████▌ | 452M/528M [00:51<00:07, 11.1MB/s][A

 86%|████████▌ | 454M/528M [00:51<00:06, 11.3MB/s][A

 86%|████████▌ | 455M/528M [00:51<00:06, 12.0MB/s][A

 86%|████████▋ | 456M/528M [00:51<00:06, 11.4MB/s][A

 87%|████████▋ | 458M/528M [00:51<00:06, 11.6MB/s][A

 87%|████████▋ | 459M/528M [00:52<00:06, 11.8MB/s][A

 87%|████████▋ | 460M/528M [00:52<00:05, 11.9MB/s][A

 87%|████████▋ | 461M/528M [00:52<00:05, 11.9MB/s][A

 88%|████████▊ | 462M/528M [00:52<00:06, 11.2MB/s][A

 88%|████████▊ | 464M/528M [00:52<00:05, 11.9MB/s][A

 88%|████████▊ | 465M/528M [00:52<00:05, 11.9MB/s][A

 88%|████████▊ | 466M/528M [00:52<00:05, 11.0MB/s][A

 89%|████████▊ | 468M/528M [00:52<00:05, 11.9MB/s][A

 89%|████████▉ | 469M/528M [00:53<00:05, 11.4MB/s][A

 89%|████████▉ | 470M/528M [00:53<00:05, 11.5MB/s][A

 89%|████████▉ | 471M/528M [00:53<00:05, 11.5MB/s][A

 90%|████████▉ | 472M/528M [00:53<00:05, 11.4MB/s][A

 90%|████████▉ | 474M/528M [00:53<00:05, 11.1MB/s][A

 90%|████████▉ | 475M/528M [00:53<00:05, 10.1MB/s][A

 90%|█████████ | 476M/528M [00:53<00:05, 10.1MB/s][A

 90%|█████████ | 477M/528M [00:53<00:04, 10.9MB/s][A

 91%|█████████ | 478M/528M [00:53<00:05, 9.24MB/s][A

 91%|█████████ | 479M/528M [00:54<00:06, 8.27MB/s][A

 91%|█████████ | 480M/528M [00:54<00:05, 8.70MB/s][A

 91%|█████████ | 481M/528M [00:54<00:05, 8.63MB/s][A

 91%|█████████▏| 482M/528M [00:54<00:09, 5.26MB/s][A

 92%|█████████▏| 484M/528M [00:54<00:05, 8.62MB/s][A

 92%|█████████▏| 486M/528M [00:54<00:05, 8.67MB/s][A

 92%|█████████▏| 487M/528M [00:55<00:04, 8.73MB/s][A

 92%|█████████▏| 488M/528M [00:55<00:04, 8.54MB/s][A

 93%|█████████▎| 489M/528M [00:55<00:04, 9.80MB/s][A

 93%|█████████▎| 491M/528M [00:55<00:03, 11.5MB/s][A

 93%|█████████▎| 492M/528M [00:55<00:03, 9.90MB/s][A

 93%|█████████▎| 493M/528M [00:55<00:03, 11.2MB/s][A

 94%|█████████▎| 495M/528M [00:55<00:03, 10.7MB/s][A

 94%|█████████▍| 496M/528M [00:55<00:03, 10.7MB/s][A

 94%|█████████▍| 497M/528M [00:56<00:03, 10.2MB/s][A

 94%|█████████▍| 498M/528M [00:56<00:02, 11.2MB/s][A

 95%|█████████▍| 500M/528M [00:56<00:02, 11.6MB/s][A

 95%|█████████▍| 501M/528M [00:56<00:02, 11.6MB/s][A

 95%|█████████▌| 502M/528M [00:56<00:02, 10.3MB/s][A

 95%|█████████▌| 504M/528M [00:56<00:02, 11.6MB/s][A

 96%|█████████▌| 505M/528M [00:56<00:02, 10.6MB/s][A

 96%|█████████▌| 506M/528M [00:56<00:02, 10.8MB/s][A

 96%|█████████▌| 507M/528M [00:57<00:02, 10.8MB/s][A

 96%|█████████▋| 508M/528M [00:57<00:01, 11.1MB/s][A

 97%|█████████▋| 510M/528M [00:57<00:01, 11.4MB/s][A

 97%|█████████▋| 511M/528M [00:57<00:01, 10.5MB/s][A

 97%|█████████▋| 512M/528M [00:57<00:01, 11.0MB/s][A

 97%|█████████▋| 513M/528M [00:57<00:01, 10.8MB/s][A

 98%|█████████▊| 515M/528M [00:57<00:01, 11.1MB/s][A

 98%|█████████▊| 516M/528M [00:57<00:01, 11.0MB/s][A

 98%|█████████▊| 517M/528M [00:58<00:02, 4.97MB/s][A

 98%|█████████▊| 518M/528M [00:58<00:01, 5.91MB/s][A

 98%|█████████▊| 519M/528M [00:58<00:01, 6.62MB/s][A

 99%|█████████▊| 520M/528M [00:58<00:01, 5.15MB/s][A

 99%|█████████▉| 523M/528M [00:59<00:00, 7.72MB/s][A

 99%|█████████▉| 524M/528M [00:59<00:00, 8.21MB/s][A

 99%|█████████▉| 525M/528M [00:59<00:00, 8.84MB/s][A

100%|█████████▉| 526M/528M [00:59<00:00, 9.42MB/s][A

100%|█████████▉| 527M/528M [00:59<00:00, 9.93MB/s][A
100%|██████████| 528M/528M [00:59<00:00, 9.28MB/s]
Downloading: "https://raw.githubusercontent.com/richzhang/PerceptualSimilarity/master/lpips/weights/v0.1/vgg.pth" to /home/zhangzhiwei/.cache/torch/hub/checkpoints/vgg.pth


  0%|          | 0.00/7.12k [00:00<?, ?B/s][A
100%|██████████| 7.12k/7.12k [00:00<00:00, 24.5MB/s]

Metric evaluation progress:  12%|█▎        | 1/8 [01:04<07:31, 64.56s/it]
Metric evaluation progress:  25%|██▌       | 2/8 [01:05<02:43, 27.23s/it]
Metric evaluation progress:  38%|███▊      | 3/8 [01:06<01:16, 15.25s/it]
Metric evaluation progress:  50%|█████     | 4/8 [01:07<00:38,  9.60s/it]
Metric evaluation progress:  62%|██████▎   | 5/8 [01:08<00:19,  6.48s/it]
Metric evaluation progress:  75%|███████▌  | 6/8 [01:09<00:09,  4.60s/it]
Metric evaluation progress:  88%|████████▊ | 7/8 [01:10<00:03,  3.42s/it]
Metric evaluation progress: 100%|██████████| 8/8 [01:11<00:00,  2.64s/it]
Metric evaluation progress: 100%|██████████| 8/8 [01:11<00:00,  8.93s/it]


Scene: ../../outputs/task1/object_A_3dgs
Method: ours_1000
  SSIM :    0.8706779
  PSNR :   23.9658413
  LPIPS:    0.2323470


	Command being timed: "bash -lc cd third_party/gaussian-splatting && CUDA_VISIBLE_DEVICES=1 PYTHONPATH="/home/zhangzhiwei/homework/shenduxuexi /hw3_spatial_intelligence_project/local_pkgs/3dgs" /home/zhangzhiwei/miniconda3/bin/conda run -n base python metrics.py -m ../../outputs/task1/object_A_3dgs"
	User time (seconds): 63.20
	System time (seconds): 6.09
	Percent of CPU this job got: 88%
	Elapsed (wall clock) time (h:mm:ss or m:ss): 1:17.93
	Average shared text size (kbytes): 0
	Average unshared data size (kbytes): 0
	Average stack size (kbytes): 0
	Average total size (kbytes): 0
	Maximum resident set size (kbytes): 2182628
	Average resident set size (kbytes): 0
	Major (requiring I/O) page faults: 455
	Minor (reclaiming a frame) page faults: 2743330
	Voluntary context switches: 33728
	Involuntary context switches: 7025
	Swaps: 0
	File system inputs: 127304
	File system outputs: 1081064
	Socket messages sent: 0
	Socket messages received: 0
	Signals delivered: 0
	Page size (bytes): 4096
	Exit status: 0

## nvidia-smi after
Mon Jun 22 10:16:30 2026       
+-----------------------------------------------------------------------------------------+
| NVIDIA-SMI 550.54.14              Driver Version: 550.54.14      CUDA Version: 12.4     |
|-----------------------------------------+------------------------+----------------------+
| GPU  Name                 Persistence-M | Bus-Id          Disp.A | Volatile Uncorr. ECC |
| Fan  Temp   Perf          Pwr:Usage/Cap |           Memory-Usage | GPU-Util  Compute M. |
|                                         |                        |               MIG M. |
|=========================================+========================+======================|
|   0  NVIDIA RTX A6000               Off |   00000000:01:00.0 Off |                  Off |
| 35%   63C    P2            125W /  300W |    4908MiB /  49140MiB |      0%      Default |
|                                         |                        |                  N/A |
+-----------------------------------------+------------------------+----------------------+
|   1  NVIDIA RTX A6000               Off |   00000000:25:00.0 Off |                  Off |
| 30%   39C    P0             77W /  300W |       3MiB /  49140MiB |      5%      Default |
|                                         |                        |                  N/A |
+-----------------------------------------+------------------------+----------------------+
|   2  NVIDIA RTX A6000               Off |   00000000:E1:00.0 Off |                  Off |
| 30%   31C    P8             11W /  300W |       3MiB /  49140MiB |      0%      Default |
|                                         |                        |                  N/A |
+-----------------------------------------+------------------------+----------------------+
                                                                                         
+-----------------------------------------------------------------------------------------+
| Processes:                                                                              |
|  GPU   GI   CI        PID   Type   Process name                              GPU Memory |
|        ID   ID                                                               Usage      |
|=========================================================================================|
|    0   N/A  N/A   1088867      C   python                                       4902MiB |
+-----------------------------------------------------------------------------------------+

status: 0
end: 2026-06-22T10:16:30+00:00
duration_sec: 78
