# object_A_official_3dgs_convert_all
start: 2026-06-22T09:46:52+00:00
project_root: /home/zhangzhiwei/homework/shenduxuexi /hw3_spatial_intelligence_project
git_commit: no-git
expected_output: data/object_A_all/sparse
command: bash -lc cd\ third_party/gaussian-splatting\ \&\&\ PYTHONPATH=\"/home/zhangzhiwei/homework/shenduxuexi\ /hw3_spatial_intelligence_project/local_pkgs/3dgs\"\ /home/zhangzhiwei/miniconda3/bin/conda\ run\ -n\ base\ python\ convert.py\ -s\ ../../data/object_A_all\ --resize\ --no_gpu 

## nvidia-smi before
Mon Jun 22 09:46:52 2026       
+-----------------------------------------------------------------------------------------+
| NVIDIA-SMI 550.54.14              Driver Version: 550.54.14      CUDA Version: 12.4     |
|-----------------------------------------+------------------------+----------------------+
| GPU  Name                 Persistence-M | Bus-Id          Disp.A | Volatile Uncorr. ECC |
| Fan  Temp   Perf          Pwr:Usage/Cap |           Memory-Usage | GPU-Util  Compute M. |
|                                         |                        |               MIG M. |
|=========================================+========================+======================|
|   0  NVIDIA RTX A6000               Off |   00000000:01:00.0 Off |                  Off |
| 37%   64C    P2            126W /  300W |    4908MiB /  49140MiB |      0%      Default |
|                                         |                        |                  N/A |
+-----------------------------------------+------------------------+----------------------+
|   1  NVIDIA RTX A6000               Off |   00000000:25:00.0 Off |                  Off |
| 30%   33C    P8              8W /  300W |       3MiB /  49140MiB |      0%      Default |
|                                         |                        |                  N/A |
+-----------------------------------------+------------------------+----------------------+
|   2  NVIDIA RTX A6000               Off |   00000000:E1:00.0 Off |                  Off |
| 30%   31C    P8             11W /  300W |       3MiB /  49140MiB |      0%      Default |
|                                         |                        |                  N/A |
+-----------------------------------------+------------------------+----------------------+
                                                                                         
+-----------------------------------------------------------------------------------------+
| Processes:                                                                              |
|  GPU   GI   CI        PID   Type   Process name                              GPU Memory |
|        ID   ID                                                               Usage      |
|=========================================================================================|
|    0   N/A  N/A   1088867      C   python                                       4902MiB |
+-----------------------------------------------------------------------------------------+

## command output
ERROR: Failed to parse options - unrecognised option '--Mapper.ba_global_function_tolerance=0.000001'.
ERROR:root:Mapper failed with code 256. Exiting.


==============================================================================
Feature extraction
==============================================================================

Processed file [1/6]
  Name:            0001.jpg
  Dimensions:      1280 x 1707
  Camera:          #1 - OPENCV
  Focal Length:    2048.40px
  Features:        2792
Processed file [2/6]
  Name:            0004.jpg
  Dimensions:      1280 x 1707
  Camera:          #1 - OPENCV
  Focal Length:    2048.40px
  Features:        1694
Processed file [3/6]
  Name:            0005.jpg
  Dimensions:      1280 x 1707
  Camera:          #1 - OPENCV
  Focal Length:    2048.40px
  Features:        2871
Processed file [4/6]
  Name:            0003.jpg
  Dimensions:      1280 x 1707
  Camera:          #1 - OPENCV
  Focal Length:    2048.40px
  Features:        3470
Processed file [5/6]
  Name:            0006.jpg
  Dimensions:      1280 x 1707
  Camera:          #1 - OPENCV
  Focal Length:    2048.40px
  Features:        501
Processed file [6/6]
  Name:            0002.jpg
  Dimensions:      1280 x 1707
  Camera:          #1 - OPENCV
  Focal Length:    2048.40px
  Features:        4470
Elapsed time: 0.061 [minutes]

==============================================================================
Exhaustive feature matching
==============================================================================

Matching block [1/1, 1/1] in 1.841s
Elapsed time: 0.031 [minutes]

	Command being timed: "bash -lc cd third_party/gaussian-splatting && PYTHONPATH="/home/zhangzhiwei/homework/shenduxuexi /hw3_spatial_intelligence_project/local_pkgs/3dgs" /home/zhangzhiwei/miniconda3/bin/conda run -n base python convert.py -s ../../data/object_A_all --resize --no_gpu"
	User time (seconds): 28.89
	System time (seconds): 2.99
	Percent of CPU this job got: 369%
	Elapsed (wall clock) time (h:mm:ss or m:ss): 0:08.62
	Average shared text size (kbytes): 0
	Average unshared data size (kbytes): 0
	Average stack size (kbytes): 0
	Average total size (kbytes): 0
	Maximum resident set size (kbytes): 3718044
	Average resident set size (kbytes): 0
	Major (requiring I/O) page faults: 0
	Minor (reclaiming a frame) page faults: 1554370
	Voluntary context switches: 4015
	Involuntary context switches: 3332
	Swaps: 0
	File system inputs: 0
	File system outputs: 10312
	Socket messages sent: 0
	Socket messages received: 0
	Signals delivered: 0
	Page size (bytes): 4096
	Exit status: 0

## nvidia-smi after
Mon Jun 22 09:47:01 2026       
+-----------------------------------------------------------------------------------------+
| NVIDIA-SMI 550.54.14              Driver Version: 550.54.14      CUDA Version: 12.4     |
|-----------------------------------------+------------------------+----------------------+
| GPU  Name                 Persistence-M | Bus-Id          Disp.A | Volatile Uncorr. ECC |
| Fan  Temp   Perf          Pwr:Usage/Cap |           Memory-Usage | GPU-Util  Compute M. |
|                                         |                        |               MIG M. |
|=========================================+========================+======================|
|   0  NVIDIA RTX A6000               Off |   00000000:01:00.0 Off |                  Off |
| 37%   64C    P2            133W /  300W |    4908MiB /  49140MiB |      0%      Default |
|                                         |                        |                  N/A |
+-----------------------------------------+------------------------+----------------------+
|   1  NVIDIA RTX A6000               Off |   00000000:25:00.0 Off |                  Off |
| 30%   33C    P8              8W /  300W |       3MiB /  49140MiB |      0%      Default |
|                                         |                        |                  N/A |
+-----------------------------------------+------------------------+----------------------+
|   2  NVIDIA RTX A6000               Off |   00000000:E1:00.0 Off |                  Off |
| 30%   31C    P8             12W /  300W |       3MiB /  49140MiB |      0%      Default |
|                                         |                        |                  N/A |
+-----------------------------------------+------------------------+----------------------+
                                                                                         
+-----------------------------------------------------------------------------------------+
| Processes:                                                                              |
|  GPU   GI   CI        PID   Type   Process name                              GPU Memory |
|        ID   ID                                                               Usage      |
|=========================================================================================|
|    0   N/A  N/A   1088867      C   python                                       4902MiB |
+-----------------------------------------------------------------------------------------+

status: 0
end: 2026-06-22T09:47:01+00:00
duration_sec: 9
