# object_A_video_extract_frames
start: 2026-06-22T10:08:03+00:00
project_root: /home/zhangzhiwei/homework/shenduxuexi /hw3_spatial_intelligence_project
git_commit: ac5cb56
expected_output: outputs/task1/object_A_video_frame_stats.json
command: /home/zhangzhiwei/miniconda3/bin/conda run -n PG python scripts/extract_frames.py --input inputs/object_A/A_video.mp4 --output data/object_A_video/input --stats outputs/task1/object_A_video_frame_stats.json --fps 6 --max-width 1000 --blur-quantile 0.03 --similarity-threshold 0.999 

## nvidia-smi before
NVIDIA-SMI has failed because it couldn't communicate with the NVIDIA driver. Make sure that the latest NVIDIA driver is installed and running.


## command output
ffmpeg version 4.2.7-0ubuntu0.1 Copyright (c) 2000-2022 the FFmpeg developers
  built with gcc 9 (Ubuntu 9.4.0-1ubuntu1~20.04.1)
  configuration: --prefix=/usr --extra-version=0ubuntu0.1 --toolchain=hardened --libdir=/usr/lib/x86_64-linux-gnu --incdir=/usr/include/x86_64-linux-gnu --arch=amd64 --enable-gpl --disable-stripping --enable-avresample --disable-filter=resample --enable-avisynth --enable-gnutls --enable-ladspa --enable-libaom --enable-libass --enable-libbluray --enable-libbs2b --enable-libcaca --enable-libcdio --enable-libcodec2 --enable-libflite --enable-libfontconfig --enable-libfreetype --enable-libfribidi --enable-libgme --enable-libgsm --enable-libjack --enable-libmp3lame --enable-libmysofa --enable-libopenjpeg --enable-libopenmpt --enable-libopus --enable-libpulse --enable-librsvg --enable-librubberband --enable-libshine --enable-libsnappy --enable-libsoxr --enable-libspeex --enable-libssh --enable-libtheora --enable-libtwolame --enable-libvidstab --enable-libvorbis --enable-libvpx --enable-libwavpack --enable-libwebp --enable-libx265 --enable-libxml2 --enable-libxvid --enable-libzmq --enable-libzvbi --enable-lv2 --enable-omx --enable-openal --enable-opencl --enable-opengl --enable-sdl2 --enable-libdc1394 --enable-libdrm --enable-libiec61883 --enable-nvenc --enable-chromaprint --enable-frei0r --enable-libx264 --enable-shared
  libavutil      56. 31.100 / 56. 31.100
  libavcodec     58. 54.100 / 58. 54.100
  libavformat    58. 29.100 / 58. 29.100
  libavdevice    58.  8.100 / 58.  8.100
  libavfilter     7. 57.100 /  7. 57.100
  libavresample   4.  0.  0 /  4.  0.  0
  libswscale      5.  5.100 /  5.  5.100
  libswresample   3.  5.100 /  3.  5.100
  libpostproc    55.  5.100 / 55.  5.100
Input #0, mov,mp4,m4a,3gp,3g2,mj2, from 'inputs/object_A/A_video.mp4':
  Metadata:
    major_brand     : mp42
    minor_version   : 1
    compatible_brands: isommp41mp42
    creation_time   : 2026-06-22T10:05:09.000000Z
    copyright       : 
    copyright-eng   : 
  Duration: 00:00:15.43, start: 0.000000, bitrate: 703 kb/s
    Stream #0:0(und): Video: hevc (Main) (hvc1 / 0x31637668), yuv420p(tv, bt709), 720x1280, 649 kb/s, 29.81 fps, 30 tbr, 600 tbn, 600 tbc (default)
    Metadata:
      creation_time   : 2026-06-22T10:05:09.000000Z
      handler_name    : Core Media Video
    Stream #0:1(und): Audio: aac (LC) (mp4a / 0x6134706D), 44100 Hz, mono, fltp, 47 kb/s (default)
    Metadata:
      creation_time   : 2026-06-22T10:05:09.000000Z
      handler_name    : Core Media Audio
Stream mapping:
  Stream #0:0 -> #0:0 (hevc (native) -> mjpeg (native))
Press [q] to stop, [?] for help
[swscaler @ 0x558993eaee40] deprecated pixel format used, make sure you did set range correctly
Output #0, image2, to '/tmp/object_A_frames_71v4t97u/frame_%05d.jpg':
  Metadata:
    major_brand     : mp42
    minor_version   : 1
    compatible_brands: isommp41mp42
    copyright-eng   : 
    copyright       : 
    encoder         : Lavf58.29.100
    Stream #0:0(und): Video: mjpeg, yuvj420p(pc), 720x1280, q=2-31, 200 kb/s, 6 fps, 6 tbn, 6 tbc (default)
    Metadata:
      creation_time   : 2026-06-22T10:05:09.000000Z
      handler_name    : Core Media Video
      encoder         : Lavc58.54.100 mjpeg
    Side data:
      cpb: bitrate max/min/avg: 0/0/200000 buffer size: 0 vbv_delay: -1
frame=   93 fps=0.0 q=2.0 Lsize=N/A time=00:00:15.50 bitrate=N/A speed=38.3x    
video:5145kB audio:0kB subtitle:0kB other streams:0kB global headers:0kB muxing overhead: unknown

{"status": "ok", "mode": "video", "candidate_count": 93, "selected_count": 90}

	Command being timed: "/home/zhangzhiwei/miniconda3/bin/conda run -n PG python scripts/extract_frames.py --input inputs/object_A/A_video.mp4 --output data/object_A_video/input --stats outputs/task1/object_A_video_frame_stats.json --fps 6 --max-width 1000 --blur-quantile 0.03 --similarity-threshold 0.999"
	User time (seconds): 15.21
	System time (seconds): 0.88
	Percent of CPU this job got: 236%
	Elapsed (wall clock) time (h:mm:ss or m:ss): 0:06.80
	Average shared text size (kbytes): 0
	Average unshared data size (kbytes): 0
	Average stack size (kbytes): 0
	Average total size (kbytes): 0
	Maximum resident set size (kbytes): 381656
	Average resident set size (kbytes): 0
	Major (requiring I/O) page faults: 13
	Minor (reclaiming a frame) page faults: 378445
	Voluntary context switches: 10011
	Involuntary context switches: 1476
	Swaps: 0
	File system inputs: 2816
	File system outputs: 28512
	Socket messages sent: 0
	Socket messages received: 0
	Signals delivered: 0
	Page size (bytes): 4096
	Exit status: 0

## nvidia-smi after
NVIDIA-SMI has failed because it couldn't communicate with the NVIDIA driver. Make sure that the latest NVIDIA driver is installed and running.


status: 0
end: 2026-06-22T10:08:09+00:00
duration_sec: 6
