# setup_third_party
start: 2026-06-22T09:33:40+00:00
project_root: /home/zhangzhiwei/homework/shenduxuexi /hw3_spatial_intelligence_project
git_commit: no-git
expected_output: third_party
command: bash scripts/setup_third_party.sh 

## nvidia-smi before
Mon Jun 22 09:33:40 2026       
+-----------------------------------------------------------------------------------------+
| NVIDIA-SMI 550.54.14              Driver Version: 550.54.14      CUDA Version: 12.4     |
|-----------------------------------------+------------------------+----------------------+
| GPU  Name                 Persistence-M | Bus-Id          Disp.A | Volatile Uncorr. ECC |
| Fan  Temp   Perf          Pwr:Usage/Cap |           Memory-Usage | GPU-Util  Compute M. |
|                                         |                        |               MIG M. |
|=========================================+========================+======================|
|   0  NVIDIA RTX A6000               Off |   00000000:01:00.0 Off |                  Off |
| 35%   65C    P2            174W /  300W |    4908MiB /  49140MiB |     88%      Default |
|                                         |                        |                  N/A |
+-----------------------------------------+------------------------+----------------------+
|   1  NVIDIA RTX A6000               Off |   00000000:25:00.0 Off |                  Off |
| 30%   34C    P8              8W /  300W |       3MiB /  49140MiB |      0%      Default |
|                                         |                        |                  N/A |
+-----------------------------------------+------------------------+----------------------+
|   2  NVIDIA RTX A6000               Off |   00000000:E1:00.0 Off |                  Off |
| 30%   32C    P8             11W /  300W |       3MiB /  49140MiB |      0%      Default |
|                                         |                        |                  N/A |
+-----------------------------------------+------------------------+----------------------+
                                                                                         
+-----------------------------------------------------------------------------------------+
| Processes:                                                                              |
|  GPU   GI   CI        PID   Type   Process name                              GPU Memory |
|        ID   ID                                                               Usage      |
|=========================================================================================|
|    0   N/A  N/A   1088867      C   python                                       4902MiB |
+-----------------------------------------------------------------------------------------+

## command output
Cloning into 'third_party/gaussian-splatting'...
Submodule 'SIBR_viewers' (https://gitlab.inria.fr/sibr/sibr_core.git) registered for path 'SIBR_viewers'
Submodule 'submodules/diff-gaussian-rasterization' (https://github.com/graphdeco-inria/diff-gaussian-rasterization.git) registered for path 'submodules/diff-gaussian-rasterization'
Submodule 'submodules/fused-ssim' (https://github.com/rahul-goel/fused-ssim.git) registered for path 'submodules/fused-ssim'
Submodule 'submodules/simple-knn' (https://gitlab.inria.fr/bkerbl/simple-knn.git) registered for path 'submodules/simple-knn'
Cloning into '/home/zhangzhiwei/homework/shenduxuexi /hw3_spatial_intelligence_project/third_party/gaussian-splatting/SIBR_viewers'...
Cloning into '/home/zhangzhiwei/homework/shenduxuexi /hw3_spatial_intelligence_project/third_party/gaussian-splatting/submodules/diff-gaussian-rasterization'...
Cloning into '/home/zhangzhiwei/homework/shenduxuexi /hw3_spatial_intelligence_project/third_party/gaussian-splatting/submodules/fused-ssim'...
Cloning into '/home/zhangzhiwei/homework/shenduxuexi /hw3_spatial_intelligence_project/third_party/gaussian-splatting/submodules/simple-knn'...
Submodule path 'SIBR_viewers': checked out 'd8856f60c5384cc1975439193bb627d77d917d77'
Submodule path 'submodules/diff-gaussian-rasterization': checked out '9c5c2028f6fbee2be239bc4c9421ff894fe4fbe0'
Submodule 'third_party/glm' (https://github.com/g-truc/glm.git) registered for path 'submodules/diff-gaussian-rasterization/third_party/glm'
Cloning into '/home/zhangzhiwei/homework/shenduxuexi /hw3_spatial_intelligence_project/third_party/gaussian-splatting/submodules/diff-gaussian-rasterization/third_party/glm'...
Submodule path 'submodules/diff-gaussian-rasterization/third_party/glm': checked out '5c46b9c07008ae65cb81ab79cd677ecc1934b903'
Submodule path 'submodules/fused-ssim': checked out '1272e21a282342e89537159e4bad508b19b34157'
Submodule path 'submodules/simple-knn': checked out '86710c2d4b46680c02301765dd79e465819c8f19'
54c035f7834b564019656c3e3fcc3646292f727d
fatal: destination path 'third_party/threestudio' already exists and is not an empty directory.
Command exited with non-zero status 128
	Command being timed: "bash scripts/setup_third_party.sh"
	User time (seconds): 9.03
	System time (seconds): 2.60
	Percent of CPU this job got: 16%
	Elapsed (wall clock) time (h:mm:ss or m:ss): 1:09.87
	Average shared text size (kbytes): 0
	Average unshared data size (kbytes): 0
	Average stack size (kbytes): 0
	Average total size (kbytes): 0
	Maximum resident set size (kbytes): 130020
	Average resident set size (kbytes): 0
	Major (requiring I/O) page faults: 1
	Minor (reclaiming a frame) page faults: 133019
	Voluntary context switches: 114202
	Involuntary context switches: 1570
	Swaps: 0
	File system inputs: 560
	File system outputs: 599024
	Socket messages sent: 0
	Socket messages received: 0
	Signals delivered: 0
	Page size (bytes): 4096
	Exit status: 128

## nvidia-smi after
Mon Jun 22 09:34:50 2026       
+-----------------------------------------------------------------------------------------+
| NVIDIA-SMI 550.54.14              Driver Version: 550.54.14      CUDA Version: 12.4     |
|-----------------------------------------+------------------------+----------------------+
| GPU  Name                 Persistence-M | Bus-Id          Disp.A | Volatile Uncorr. ECC |
| Fan  Temp   Perf          Pwr:Usage/Cap |           Memory-Usage | GPU-Util  Compute M. |
|                                         |                        |               MIG M. |
|=========================================+========================+======================|
|   0  NVIDIA RTX A6000               Off |   00000000:01:00.0 Off |                  Off |
| 36%   68C    P2            145W /  300W |    4908MiB /  49140MiB |     57%      Default |
|                                         |                        |                  N/A |
+-----------------------------------------+------------------------+----------------------+
|   1  NVIDIA RTX A6000               Off |   00000000:25:00.0 Off |                  Off |
| 30%   34C    P8              8W /  300W |       3MiB /  49140MiB |      0%      Default |
|                                         |                        |                  N/A |
+-----------------------------------------+------------------------+----------------------+
|   2  NVIDIA RTX A6000               Off |   00000000:E1:00.0 Off |                  Off |
| 30%   32C    P8             11W /  300W |       3MiB /  49140MiB |      0%      Default |
|                                         |                        |                  N/A |
+-----------------------------------------+------------------------+----------------------+
                                                                                         
+-----------------------------------------------------------------------------------------+
| Processes:                                                                              |
|  GPU   GI   CI        PID   Type   Process name                              GPU Memory |
|        ID   ID                                                               Usage      |
|=========================================================================================|
|    0   N/A  N/A   1088867      C   python                                       4902MiB |
+-----------------------------------------------------------------------------------------+

status: 128
end: 2026-06-22T09:34:50+00:00
duration_sec: 70
